Archive member included because of file (symbol)

C:\StellarisWare/driverlib/gcc-cm3\libdriver-cm3.a(gpio.o)
                              C:\cygwin\tmp\ccDEIEss.o (GPIOPadConfigSet)
C:\StellarisWare/driverlib/gcc-cm3\libdriver-cm3.a(interrupt.o)
                              C:\cygwin\tmp\cctE58hp.o (IntMasterEnable)
C:\StellarisWare/driverlib/gcc-cm3\libdriver-cm3.a(ssi.o)
                              C:\cygwin\tmp\ccDEIEss.o (SSIConfigSetExpClk)
C:\StellarisWare/driverlib/gcc-cm3\libdriver-cm3.a(sysctl.o)
                              C:\cygwin\tmp\cctE58hp.o (SysCtlPeripheralEnable)
C:\StellarisWare/driverlib/gcc-cm3\libdriver-cm3.a(uart.o)
                              C:\cygwin\tmp\cctE58hp.o (UARTConfigSetExpClk)
C:\StellarisWare/driverlib/gcc-cm3\libdriver-cm3.a(cpu.o)
                              C:\StellarisWare/driverlib/gcc-cm3\libdriver-cm3.a(interrupt.o) (CPUcpsid)
c:/program files (x86)/codesourcery/sourcery g++ lite/bin/../lib/gcc/arm-none-eabi/4.4.1/../../../../arm-none-eabi/lib/thumb2\libc.a(lib_a-errno.o)
                              C:\cygwin\tmp\ccd8oMPH.o (__errno)
c:/program files (x86)/codesourcery/sourcery g++ lite/bin/../lib/gcc/arm-none-eabi/4.4.1/../../../../arm-none-eabi/lib/thumb2\libc.a(lib_a-exit.o)
                              C:\cygwin\tmp\cctE58hp.o (exit)
c:/program files (x86)/codesourcery/sourcery g++ lite/bin/../lib/gcc/arm-none-eabi/4.4.1/../../../../arm-none-eabi/lib/thumb2\libc.a(lib_a-impure.o)
                              c:/program files (x86)/codesourcery/sourcery g++ lite/bin/../lib/gcc/arm-none-eabi/4.4.1/../../../../arm-none-eabi/lib/thumb2\libc.a(lib_a-errno.o) (_impure_ptr)
c:/program files (x86)/codesourcery/sourcery g++ lite/bin/../lib/gcc/arm-none-eabi/4.4.1/../../../../arm-none-eabi/lib/thumb2\libc.a(lib_a-iprintf.o)
                              C:\cygwin\tmp\cctE58hp.o (iprintf)
c:/program files (x86)/codesourcery/sourcery g++ lite/bin/../lib/gcc/arm-none-eabi/4.4.1/../../../../arm-none-eabi/lib/thumb2\libc.a(lib_a-malloc.o)
                              C:\cygwin\tmp\cctE58hp.o (malloc)
c:/program files (x86)/codesourcery/sourcery g++ lite/bin/../lib/gcc/arm-none-eabi/4.4.1/../../../../arm-none-eabi/lib/thumb2\libc.a(lib_a-mallocr.o)
                              c:/program files (x86)/codesourcery/sourcery g++ lite/bin/../lib/gcc/arm-none-eabi/4.4.1/../../../../arm-none-eabi/lib/thumb2\libc.a(lib_a-malloc.o) (_malloc_r)
c:/program files (x86)/codesourcery/sourcery g++ lite/bin/../lib/gcc/arm-none-eabi/4.4.1/../../../../arm-none-eabi/lib/thumb2\libc.a(lib_a-mlock.o)
                              c:/program files (x86)/codesourcery/sourcery g++ lite/bin/../lib/gcc/arm-none-eabi/4.4.1/../../../../arm-none-eabi/lib/thumb2\libc.a(lib_a-mallocr.o) (__malloc_lock)
c:/program files (x86)/codesourcery/sourcery g++ lite/bin/../lib/gcc/arm-none-eabi/4.4.1/../../../../arm-none-eabi/lib/thumb2\libc.a(lib_a-sbrkr.o)
                              c:/program files (x86)/codesourcery/sourcery g++ lite/bin/../lib/gcc/arm-none-eabi/4.4.1/../../../../arm-none-eabi/lib/thumb2\libc.a(lib_a-mallocr.o) (_sbrk_r)
c:/program files (x86)/codesourcery/sourcery g++ lite/bin/../lib/gcc/arm-none-eabi/4.4.1/../../../../arm-none-eabi/lib/thumb2\libc.a(lib_a-vfiprintf.o)
                              c:/program files (x86)/codesourcery/sourcery g++ lite/bin/../lib/gcc/arm-none-eabi/4.4.1/../../../../arm-none-eabi/lib/thumb2\libc.a(lib_a-iprintf.o) (_vfiprintf_r)
c:/program files (x86)/codesourcery/sourcery g++ lite/bin/../lib/gcc/arm-none-eabi/4.4.1/../../../../arm-none-eabi/lib/thumb2\libc.a(lib_a-wsetup.o)
                              c:/program files (x86)/codesourcery/sourcery g++ lite/bin/../lib/gcc/arm-none-eabi/4.4.1/../../../../arm-none-eabi/lib/thumb2\libc.a(lib_a-vfiprintf.o) (__swsetup_r)
c:/program files (x86)/codesourcery/sourcery g++ lite/bin/../lib/gcc/arm-none-eabi/4.4.1/../../../../arm-none-eabi/lib/thumb2\libc.a(lib_a-__call_atexit.o)
                              c:/program files (x86)/codesourcery/sourcery g++ lite/bin/../lib/gcc/arm-none-eabi/4.4.1/../../../../arm-none-eabi/lib/thumb2\libc.a(lib_a-exit.o) (__call_exitprocs)
c:/program files (x86)/codesourcery/sourcery g++ lite/bin/../lib/gcc/arm-none-eabi/4.4.1/../../../../arm-none-eabi/lib/thumb2\libc.a(lib_a-atexit.o)
                              c:/program files (x86)/codesourcery/sourcery g++ lite/bin/../lib/gcc/arm-none-eabi/4.4.1/../../../../arm-none-eabi/lib/thumb2\libc.a(lib_a-__call_atexit.o) (atexit)
c:/program files (x86)/codesourcery/sourcery g++ lite/bin/../lib/gcc/arm-none-eabi/4.4.1/../../../../arm-none-eabi/lib/thumb2\libc.a(lib_a-fflush.o)
                              c:/program files (x86)/codesourcery/sourcery g++ lite/bin/../lib/gcc/arm-none-eabi/4.4.1/../../../../arm-none-eabi/lib/thumb2\libc.a(lib_a-vfiprintf.o) (_fflush_r)
c:/program files (x86)/codesourcery/sourcery g++ lite/bin/../lib/gcc/arm-none-eabi/4.4.1/../../../../arm-none-eabi/lib/thumb2\libc.a(lib_a-findfp.o)
                              c:/program files (x86)/codesourcery/sourcery g++ lite/bin/../lib/gcc/arm-none-eabi/4.4.1/../../../../arm-none-eabi/lib/thumb2\libc.a(lib_a-iprintf.o) (__sinit)
c:/program files (x86)/codesourcery/sourcery g++ lite/bin/../lib/gcc/arm-none-eabi/4.4.1/../../../../arm-none-eabi/lib/thumb2\libc.a(lib_a-fini.o)
                              c:/program files (x86)/codesourcery/sourcery g++ lite/bin/../lib/gcc/arm-none-eabi/4.4.1/../../../../arm-none-eabi/lib/thumb2\libc.a(lib_a-__call_atexit.o) (__libc_fini_array)
c:/program files (x86)/codesourcery/sourcery g++ lite/bin/../lib/gcc/arm-none-eabi/4.4.1/../../../../arm-none-eabi/lib/thumb2\libc.a(lib_a-freer.o)
                              c:/program files (x86)/codesourcery/sourcery g++ lite/bin/../lib/gcc/arm-none-eabi/4.4.1/../../../../arm-none-eabi/lib/thumb2\libc.a(lib_a-malloc.o) (_free_r)
c:/program files (x86)/codesourcery/sourcery g++ lite/bin/../lib/gcc/arm-none-eabi/4.4.1/../../../../arm-none-eabi/lib/thumb2\libc.a(lib_a-fvwrite.o)
                              c:/program files (x86)/codesourcery/sourcery g++ lite/bin/../lib/gcc/arm-none-eabi/4.4.1/../../../../arm-none-eabi/lib/thumb2\libc.a(lib_a-vfiprintf.o) (__sfvwrite_r)
c:/program files (x86)/codesourcery/sourcery g++ lite/bin/../lib/gcc/arm-none-eabi/4.4.1/../../../../arm-none-eabi/lib/thumb2\libc.a(lib_a-fwalk.o)
                              c:/program files (x86)/codesourcery/sourcery g++ lite/bin/../lib/gcc/arm-none-eabi/4.4.1/../../../../arm-none-eabi/lib/thumb2\libc.a(lib_a-fflush.o) (_fwalk_reent)
c:/program files (x86)/codesourcery/sourcery g++ lite/bin/../lib/gcc/arm-none-eabi/4.4.1/../../../../arm-none-eabi/lib/thumb2\libc.a(lib_a-makebuf.o)
                              c:/program files (x86)/codesourcery/sourcery g++ lite/bin/../lib/gcc/arm-none-eabi/4.4.1/../../../../arm-none-eabi/lib/thumb2\libc.a(lib_a-wsetup.o) (__smakebuf_r)
c:/program files (x86)/codesourcery/sourcery g++ lite/bin/../lib/gcc/arm-none-eabi/4.4.1/../../../../arm-none-eabi/lib/thumb2\libc.a(lib_a-memchr.o)
                              c:/program files (x86)/codesourcery/sourcery g++ lite/bin/../lib/gcc/arm-none-eabi/4.4.1/../../../../arm-none-eabi/lib/thumb2\libc.a(lib_a-vfiprintf.o) (memchr)
c:/program files (x86)/codesourcery/sourcery g++ lite/bin/../lib/gcc/arm-none-eabi/4.4.1/../../../../arm-none-eabi/lib/thumb2\libc.a(lib_a-memcpy.o)
                              c:/program files (x86)/codesourcery/sourcery g++ lite/bin/../lib/gcc/arm-none-eabi/4.4.1/../../../../arm-none-eabi/lib/thumb2\libc.a(lib_a-fvwrite.o) (memcpy)
c:/program files (x86)/codesourcery/sourcery g++ lite/bin/../lib/gcc/arm-none-eabi/4.4.1/../../../../arm-none-eabi/lib/thumb2\libc.a(lib_a-memmove.o)
                              c:/program files (x86)/codesourcery/sourcery g++ lite/bin/../lib/gcc/arm-none-eabi/4.4.1/../../../../arm-none-eabi/lib/thumb2\libc.a(lib_a-fvwrite.o) (memmove)
c:/program files (x86)/codesourcery/sourcery g++ lite/bin/../lib/gcc/arm-none-eabi/4.4.1/../../../../arm-none-eabi/lib/thumb2\libc.a(lib_a-memset.o)
                              c:/program files (x86)/codesourcery/sourcery g++ lite/bin/../lib/gcc/arm-none-eabi/4.4.1/../../../../arm-none-eabi/lib/thumb2\libc.a(lib_a-findfp.o) (memset)
c:/program files (x86)/codesourcery/sourcery g++ lite/bin/../lib/gcc/arm-none-eabi/4.4.1/../../../../arm-none-eabi/lib/thumb2\libc.a(lib_a-reallocr.o)
                              c:/program files (x86)/codesourcery/sourcery g++ lite/bin/../lib/gcc/arm-none-eabi/4.4.1/../../../../arm-none-eabi/lib/thumb2\libc.a(lib_a-fvwrite.o) (_realloc_r)
c:/program files (x86)/codesourcery/sourcery g++ lite/bin/../lib/gcc/arm-none-eabi/4.4.1/../../../../arm-none-eabi/lib/thumb2\libc.a(lib_a-reent.o)
                              c:/program files (x86)/codesourcery/sourcery g++ lite/bin/../lib/gcc/arm-none-eabi/4.4.1/../../../../arm-none-eabi/lib/thumb2\libc.a(lib_a-sbrkr.o) (errno)
c:/program files (x86)/codesourcery/sourcery g++ lite/bin/../lib/gcc/arm-none-eabi/4.4.1/../../../../arm-none-eabi/lib/thumb2\libc.a(lib_a-stdio.o)
                              c:/program files (x86)/codesourcery/sourcery g++ lite/bin/../lib/gcc/arm-none-eabi/4.4.1/../../../../arm-none-eabi/lib/thumb2\libc.a(lib_a-findfp.o) (__sclose)
c:/program files (x86)/codesourcery/sourcery g++ lite/bin/../lib/gcc/arm-none-eabi/4.4.1/../../../../arm-none-eabi/lib/thumb2\libc.a(lib_a-strlen.o)
                              c:/program files (x86)/codesourcery/sourcery g++ lite/bin/../lib/gcc/arm-none-eabi/4.4.1/../../../../arm-none-eabi/lib/thumb2\libc.a(lib_a-vfiprintf.o) (strlen)
c:/program files (x86)/codesourcery/sourcery g++ lite/bin/../lib/gcc/arm-none-eabi/4.4.1/../../../../arm-none-eabi/lib/thumb2\libc.a(lib_a-writer.o)
                              c:/program files (x86)/codesourcery/sourcery g++ lite/bin/../lib/gcc/arm-none-eabi/4.4.1/../../../../arm-none-eabi/lib/thumb2\libc.a(lib_a-stdio.o) (_write_r)
c:/program files (x86)/codesourcery/sourcery g++ lite/bin/../lib/gcc/arm-none-eabi/4.4.1/../../../../arm-none-eabi/lib/thumb2\libc.a(lib_a-__atexit.o)
                              c:/program files (x86)/codesourcery/sourcery g++ lite/bin/../lib/gcc/arm-none-eabi/4.4.1/../../../../arm-none-eabi/lib/thumb2\libc.a(lib_a-atexit.o) (__register_exitproc)
c:/program files (x86)/codesourcery/sourcery g++ lite/bin/../lib/gcc/arm-none-eabi/4.4.1/../../../../arm-none-eabi/lib/thumb2\libc.a(lib_a-closer.o)
                              c:/program files (x86)/codesourcery/sourcery g++ lite/bin/../lib/gcc/arm-none-eabi/4.4.1/../../../../arm-none-eabi/lib/thumb2\libc.a(lib_a-stdio.o) (_close_r)
c:/program files (x86)/codesourcery/sourcery g++ lite/bin/../lib/gcc/arm-none-eabi/4.4.1/../../../../arm-none-eabi/lib/thumb2\libc.a(lib_a-fclose.o)
                              c:/program files (x86)/codesourcery/sourcery g++ lite/bin/../lib/gcc/arm-none-eabi/4.4.1/../../../../arm-none-eabi/lib/thumb2\libc.a(lib_a-findfp.o) (fclose)
c:/program files (x86)/codesourcery/sourcery g++ lite/bin/../lib/gcc/arm-none-eabi/4.4.1/../../../../arm-none-eabi/lib/thumb2\libc.a(lib_a-fstatr.o)
                              c:/program files (x86)/codesourcery/sourcery g++ lite/bin/../lib/gcc/arm-none-eabi/4.4.1/../../../../arm-none-eabi/lib/thumb2\libc.a(lib_a-makebuf.o) (_fstat_r)
c:/program files (x86)/codesourcery/sourcery g++ lite/bin/../lib/gcc/arm-none-eabi/4.4.1/../../../../arm-none-eabi/lib/thumb2\libc.a(lib_a-isattyr.o)
                              c:/program files (x86)/codesourcery/sourcery g++ lite/bin/../lib/gcc/arm-none-eabi/4.4.1/../../../../arm-none-eabi/lib/thumb2\libc.a(lib_a-makebuf.o) (_isatty_r)
c:/program files (x86)/codesourcery/sourcery g++ lite/bin/../lib/gcc/arm-none-eabi/4.4.1/../../../../arm-none-eabi/lib/thumb2\libc.a(lib_a-lseekr.o)
                              c:/program files (x86)/codesourcery/sourcery g++ lite/bin/../lib/gcc/arm-none-eabi/4.4.1/../../../../arm-none-eabi/lib/thumb2\libc.a(lib_a-stdio.o) (_lseek_r)
c:/program files (x86)/codesourcery/sourcery g++ lite/bin/../lib/gcc/arm-none-eabi/4.4.1/../../../../arm-none-eabi/lib/thumb2\libc.a(lib_a-readr.o)
                              c:/program files (x86)/codesourcery/sourcery g++ lite/bin/../lib/gcc/arm-none-eabi/4.4.1/../../../../arm-none-eabi/lib/thumb2\libc.a(lib_a-stdio.o) (_read_r)
c:/program files (x86)/codesourcery/sourcery g++ lite/bin/../lib/gcc/arm-none-eabi/4.4.1/thumb2\libgcc.a(_aeabi_uldivmod.o)
                              c:/program files (x86)/codesourcery/sourcery g++ lite/bin/../lib/gcc/arm-none-eabi/4.4.1/../../../../arm-none-eabi/lib/thumb2\libc.a(lib_a-vfiprintf.o) (__aeabi_uldivmod)
c:/program files (x86)/codesourcery/sourcery g++ lite/bin/../lib/gcc/arm-none-eabi/4.4.1/thumb2\libgcc.a(bpabi.o)
                              c:/program files (x86)/codesourcery/sourcery g++ lite/bin/../lib/gcc/arm-none-eabi/4.4.1/thumb2\libgcc.a(_aeabi_uldivmod.o) (__gnu_uldivmod_helper)
c:/program files (x86)/codesourcery/sourcery g++ lite/bin/../lib/gcc/arm-none-eabi/4.4.1/thumb2\libgcc.a(_dvmd_tls.o)
                              c:/program files (x86)/codesourcery/sourcery g++ lite/bin/../lib/gcc/arm-none-eabi/4.4.1/thumb2\libgcc.a(_aeabi_uldivmod.o) (__aeabi_ldiv0)
c:/program files (x86)/codesourcery/sourcery g++ lite/bin/../lib/gcc/arm-none-eabi/4.4.1/thumb2\libgcc.a(_divdi3.o)
                              c:/program files (x86)/codesourcery/sourcery g++ lite/bin/../lib/gcc/arm-none-eabi/4.4.1/thumb2\libgcc.a(bpabi.o) (__divdi3)
c:/program files (x86)/codesourcery/sourcery g++ lite/bin/../lib/gcc/arm-none-eabi/4.4.1/thumb2\libgcc.a(_udivdi3.o)
                              c:/program files (x86)/codesourcery/sourcery g++ lite/bin/../lib/gcc/arm-none-eabi/4.4.1/thumb2\libgcc.a(bpabi.o) (__udivdi3)
c:/program files (x86)/codesourcery/sourcery g++ lite/bin/../lib/gcc/arm-none-eabi/4.4.1/thumb2\libgcc.a(_udivsi3.o)
                              c:/program files (x86)/codesourcery/sourcery g++ lite/bin/../lib/gcc/arm-none-eabi/4.4.1/thumb2\libgcc.a(_divdi3.o) (__aeabi_uidiv)

Allocating common symbols
Common symbol       size              file

errno               0x4               c:/program files (x86)/codesourcery/sourcery g++ lite/bin/../lib/gcc/arm-none-eabi/4.4.1/../../../../arm-none-eabi/lib/thumb2\libc.a(lib_a-reent.o)
UART_LOCK           0xc               C:\cygwin\tmp\cctE58hp.o
currThread          0x4               C:\cygwin\tmp\cctE58hp.o
heap_end            0x4               C:\cygwin\tmp\ccd8oMPH.o

Discarded input sections

 .text          0x00000000        0x0 c:/program files (x86)/codesourcery/sourcery g++ lite/bin/../lib/gcc/arm-none-eabi/4.4.1/thumb2/crti.o
 .data          0x00000000        0x0 c:/program files (x86)/codesourcery/sourcery g++ lite/bin/../lib/gcc/arm-none-eabi/4.4.1/thumb2/crti.o
 .bss           0x00000000        0x0 c:/program files (x86)/codesourcery/sourcery g++ lite/bin/../lib/gcc/arm-none-eabi/4.4.1/thumb2/crti.o
 .init          0x00000000        0x4 c:/program files (x86)/codesourcery/sourcery g++ lite/bin/../lib/gcc/arm-none-eabi/4.4.1/thumb2/crti.o
 .text          0x00000000       0x30 c:/program files (x86)/codesourcery/sourcery g++ lite/bin/../lib/gcc/arm-none-eabi/4.4.1/thumb2/crtbegin.o
 .data          0x00000000        0x4 c:/program files (x86)/codesourcery/sourcery g++ lite/bin/../lib/gcc/arm-none-eabi/4.4.1/thumb2/crtbegin.o
 .bss           0x00000000        0x1 c:/program files (x86)/codesourcery/sourcery g++ lite/bin/../lib/gcc/arm-none-eabi/4.4.1/thumb2/crtbegin.o
 .init_array    0x00000000        0x4 c:/program files (x86)/codesourcery/sourcery g++ lite/bin/../lib/gcc/arm-none-eabi/4.4.1/thumb2/crtbegin.o
 .fini_array    0x00000000        0x4 c:/program files (x86)/codesourcery/sourcery g++ lite/bin/../lib/gcc/arm-none-eabi/4.4.1/thumb2/crtbegin.o
 .jcr           0x00000000        0x0 c:/program files (x86)/codesourcery/sourcery g++ lite/bin/../lib/gcc/arm-none-eabi/4.4.1/thumb2/crtbegin.o
 .data          0x00000000        0x0 C:\cygwin\tmp\cctE58hp.o
 .data          0x00000000        0x0 C:\cygwin\tmp\ccTmFqrz.o
 .bss           0x00000000        0x0 C:\cygwin\tmp\ccTmFqrz.o
 .data          0x00000000        0x0 C:\cygwin\tmp\cc1Xv45P.o
 .bss           0x00000000        0x0 C:\cygwin\tmp\cc1Xv45P.o
 .data          0x00000000        0x0 C:\cygwin\tmp\ccJ303ib.o
 .bss           0x00000000        0x0 C:\cygwin\tmp\ccJ303ib.o
 .data          0x00000000        0x0 C:\cygwin\tmp\ccd8oMPH.o
 .bss           0x00000000        0x0 C:\cygwin\tmp\ccd8oMPH.o
 .data          0x00000000        0x0 C:\cygwin\tmp\ccDEIEss.o
 .text          0x00000000        0x0 C:\StellarisWare/driverlib/gcc-cm3\libdriver-cm3.a(gpio.o)
 .data          0x00000000        0x0 C:\StellarisWare/driverlib/gcc-cm3\libdriver-cm3.a(gpio.o)
 .bss           0x00000000        0x0 C:\StellarisWare/driverlib/gcc-cm3\libdriver-cm3.a(gpio.o)
 .text.GPIOGetIntNumber
                0x00000000      0x140 C:\StellarisWare/driverlib/gcc-cm3\libdriver-cm3.a(gpio.o)
 .text.GPIODirModeGet
                0x00000000       0x24 C:\StellarisWare/driverlib/gcc-cm3\libdriver-cm3.a(gpio.o)
 .text.GPIOIntTypeSet
                0x00000000       0x48 C:\StellarisWare/driverlib/gcc-cm3\libdriver-cm3.a(gpio.o)
 .text.GPIOIntTypeGet
                0x00000000       0x32 C:\StellarisWare/driverlib/gcc-cm3\libdriver-cm3.a(gpio.o)
 .text.GPIOPadConfigGet
                0x00000000       0x78 C:\StellarisWare/driverlib/gcc-cm3\libdriver-cm3.a(gpio.o)
 .text.GPIOPinIntEnable
                0x00000000        0xc C:\StellarisWare/driverlib/gcc-cm3\libdriver-cm3.a(gpio.o)
 .text.GPIOPinIntDisable
                0x00000000        0xe C:\StellarisWare/driverlib/gcc-cm3\libdriver-cm3.a(gpio.o)
 .text.GPIOPinIntStatus
                0x00000000        0xe C:\StellarisWare/driverlib/gcc-cm3\libdriver-cm3.a(gpio.o)
 .text.GPIOPinIntClear
                0x00000000        0x6 C:\StellarisWare/driverlib/gcc-cm3\libdriver-cm3.a(gpio.o)
 .text.GPIOPortIntRegister
                0x00000000       0x1a C:\StellarisWare/driverlib/gcc-cm3\libdriver-cm3.a(gpio.o)
 .text.GPIOPortIntUnregister
                0x00000000       0x16 C:\StellarisWare/driverlib/gcc-cm3\libdriver-cm3.a(gpio.o)
 .text.GPIOPinRead
                0x00000000        0x6 C:\StellarisWare/driverlib/gcc-cm3\libdriver-cm3.a(gpio.o)
 .text.GPIOPinTypeADC
                0x00000000       0x1c C:\StellarisWare/driverlib/gcc-cm3\libdriver-cm3.a(gpio.o)
 .text.GPIOPinTypeCAN
                0x00000000       0x1c C:\StellarisWare/driverlib/gcc-cm3\libdriver-cm3.a(gpio.o)
 .text.GPIOPinTypeComparator
                0x00000000       0x1c C:\StellarisWare/driverlib/gcc-cm3\libdriver-cm3.a(gpio.o)
 .text.GPIOPinTypeEPI
                0x00000000       0x1c C:\StellarisWare/driverlib/gcc-cm3\libdriver-cm3.a(gpio.o)
 .text.GPIOPinTypeEthernetLED
                0x00000000       0x1c C:\StellarisWare/driverlib/gcc-cm3\libdriver-cm3.a(gpio.o)
 .text.GPIOPinTypeEthernetMII
                0x00000000       0x1c C:\StellarisWare/driverlib/gcc-cm3\libdriver-cm3.a(gpio.o)
 .text.GPIOPinTypeFan
                0x00000000       0x1c C:\StellarisWare/driverlib/gcc-cm3\libdriver-cm3.a(gpio.o)
 .text.GPIOPinTypeGPIOInput
                0x00000000       0x1c C:\StellarisWare/driverlib/gcc-cm3\libdriver-cm3.a(gpio.o)
 .text.GPIOPinTypeGPIOOutputOD
                0x00000000       0x1c C:\StellarisWare/driverlib/gcc-cm3\libdriver-cm3.a(gpio.o)
 .text.GPIOPinTypeI2C
                0x00000000       0x1c C:\StellarisWare/driverlib/gcc-cm3\libdriver-cm3.a(gpio.o)
 .text.GPIOPinTypeI2CSCL
                0x00000000       0x44 C:\StellarisWare/driverlib/gcc-cm3\libdriver-cm3.a(gpio.o)
 .text.GPIOPinTypeI2S
                0x00000000       0x1c C:\StellarisWare/driverlib/gcc-cm3\libdriver-cm3.a(gpio.o)
 .text.GPIOPinTypeLPC
                0x00000000       0x1c C:\StellarisWare/driverlib/gcc-cm3\libdriver-cm3.a(gpio.o)
 .text.GPIOPinTypePECIRx
                0x00000000       0x1c C:\StellarisWare/driverlib/gcc-cm3\libdriver-cm3.a(gpio.o)
 .text.GPIOPinTypePECITx
                0x00000000       0x1c C:\StellarisWare/driverlib/gcc-cm3\libdriver-cm3.a(gpio.o)
 .text.GPIOPinTypePWM
                0x00000000       0x1c C:\StellarisWare/driverlib/gcc-cm3\libdriver-cm3.a(gpio.o)
 .text.GPIOPinTypeQEI
                0x00000000       0x1c C:\StellarisWare/driverlib/gcc-cm3\libdriver-cm3.a(gpio.o)
 .text.GPIOPinTypeTimer
                0x00000000       0x1c C:\StellarisWare/driverlib/gcc-cm3\libdriver-cm3.a(gpio.o)
 .text.GPIOPinTypeUSBAnalog
                0x00000000       0x1c C:\StellarisWare/driverlib/gcc-cm3\libdriver-cm3.a(gpio.o)
 .text.GPIOPinTypeUSBDigital
                0x00000000       0x1c C:\StellarisWare/driverlib/gcc-cm3\libdriver-cm3.a(gpio.o)
 .text.GPIOPinConfigure
                0x00000000       0x4c C:\StellarisWare/driverlib/gcc-cm3\libdriver-cm3.a(gpio.o)
 .text.GPIODMATriggerEnable
                0x00000000        0xc C:\StellarisWare/driverlib/gcc-cm3\libdriver-cm3.a(gpio.o)
 .text.GPIODMATriggerDisable
                0x00000000        0xe C:\StellarisWare/driverlib/gcc-cm3\libdriver-cm3.a(gpio.o)
 .text.GPIOADCTriggerEnable
                0x00000000        0xc C:\StellarisWare/driverlib/gcc-cm3\libdriver-cm3.a(gpio.o)
 .text.GPIOADCTriggerDisable
                0x00000000        0xe C:\StellarisWare/driverlib/gcc-cm3\libdriver-cm3.a(gpio.o)
 .rodata.g_pulGPIOBaseAddrs
                0x00000000       0x78 C:\StellarisWare/driverlib/gcc-cm3\libdriver-cm3.a(gpio.o)
 .text          0x00000000        0x0 C:\StellarisWare/driverlib/gcc-cm3\libdriver-cm3.a(interrupt.o)
 .data          0x00000000        0x0 C:\StellarisWare/driverlib/gcc-cm3\libdriver-cm3.a(interrupt.o)
 .bss           0x00000000        0x0 C:\StellarisWare/driverlib/gcc-cm3\libdriver-cm3.a(interrupt.o)
 .text.IntDefaultHandler
                0x00000000        0x2 C:\StellarisWare/driverlib/gcc-cm3\libdriver-cm3.a(interrupt.o)
 .text.IntMasterDisable
                0x00000000        0xa C:\StellarisWare/driverlib/gcc-cm3\libdriver-cm3.a(interrupt.o)
 .text.IntRegister
                0x00000000       0x30 C:\StellarisWare/driverlib/gcc-cm3\libdriver-cm3.a(interrupt.o)
 .text.IntUnregister
                0x00000000       0x14 C:\StellarisWare/driverlib/gcc-cm3\libdriver-cm3.a(interrupt.o)
 .text.IntPriorityGroupingSet
                0x00000000       0x1c C:\StellarisWare/driverlib/gcc-cm3\libdriver-cm3.a(interrupt.o)
 .text.IntPriorityGroupingGet
                0x00000000       0x24 C:\StellarisWare/driverlib/gcc-cm3\libdriver-cm3.a(interrupt.o)
 .text.IntPrioritySet
                0x00000000       0x28 C:\StellarisWare/driverlib/gcc-cm3\libdriver-cm3.a(interrupt.o)
 .text.IntPriorityGet
                0x00000000       0x1c C:\StellarisWare/driverlib/gcc-cm3\libdriver-cm3.a(interrupt.o)
 .text.IntEnable
                0x00000000       0x60 C:\StellarisWare/driverlib/gcc-cm3\libdriver-cm3.a(interrupt.o)
 .text.IntDisable
                0x00000000       0x60 C:\StellarisWare/driverlib/gcc-cm3\libdriver-cm3.a(interrupt.o)
 .text.IntIsEnabled
                0x00000000       0x64 C:\StellarisWare/driverlib/gcc-cm3\libdriver-cm3.a(interrupt.o)
 .text.IntPendSet
                0x00000000       0x50 C:\StellarisWare/driverlib/gcc-cm3\libdriver-cm3.a(interrupt.o)
 .text.IntPendClear
                0x00000000       0x40 C:\StellarisWare/driverlib/gcc-cm3\libdriver-cm3.a(interrupt.o)
 .text.IntPriorityMaskSet
                0x00000000        0x4 C:\StellarisWare/driverlib/gcc-cm3\libdriver-cm3.a(interrupt.o)
 .text.IntPriorityMaskGet
                0x00000000        0x4 C:\StellarisWare/driverlib/gcc-cm3\libdriver-cm3.a(interrupt.o)
 .rodata.g_pulEnRegs
                0x00000000       0x14 C:\StellarisWare/driverlib/gcc-cm3\libdriver-cm3.a(interrupt.o)
 .rodata.g_pulDisRegs
                0x00000000       0x14 C:\StellarisWare/driverlib/gcc-cm3\libdriver-cm3.a(interrupt.o)
 .rodata.g_pulPendRegs
                0x00000000       0x14 C:\StellarisWare/driverlib/gcc-cm3\libdriver-cm3.a(interrupt.o)
 .rodata.g_pulUnpendRegs
                0x00000000       0x14 C:\StellarisWare/driverlib/gcc-cm3\libdriver-cm3.a(interrupt.o)
 vtable         0x00000000      0x400 C:\StellarisWare/driverlib/gcc-cm3\libdriver-cm3.a(interrupt.o)
 .rodata.g_pulPriority
                0x00000000       0x20 C:\StellarisWare/driverlib/gcc-cm3\libdriver-cm3.a(interrupt.o)
 .rodata.g_pulRegs
                0x00000000       0x94 C:\StellarisWare/driverlib/gcc-cm3\libdriver-cm3.a(interrupt.o)
 .text          0x00000000        0x0 C:\StellarisWare/driverlib/gcc-cm3\libdriver-cm3.a(ssi.o)
 .data          0x00000000        0x0 C:\StellarisWare/driverlib/gcc-cm3\libdriver-cm3.a(ssi.o)
 .bss           0x00000000        0x0 C:\StellarisWare/driverlib/gcc-cm3\libdriver-cm3.a(ssi.o)
 .text.SSIIntNumberGet
                0x00000000       0x4c C:\StellarisWare/driverlib/gcc-cm3\libdriver-cm3.a(ssi.o)
 .text.SSIIntRegister
                0x00000000       0x1a C:\StellarisWare/driverlib/gcc-cm3\libdriver-cm3.a(ssi.o)
 .text.SSIIntUnregister
                0x00000000       0x16 C:\StellarisWare/driverlib/gcc-cm3\libdriver-cm3.a(ssi.o)
 .text.SSIIntEnable
                0x00000000        0x8 C:\StellarisWare/driverlib/gcc-cm3\libdriver-cm3.a(ssi.o)
 .text.SSIIntDisable
                0x00000000        0xa C:\StellarisWare/driverlib/gcc-cm3\libdriver-cm3.a(ssi.o)
 .text.SSIIntStatus
                0x00000000        0xa C:\StellarisWare/driverlib/gcc-cm3\libdriver-cm3.a(ssi.o)
 .text.SSIIntClear
                0x00000000        0x4 C:\StellarisWare/driverlib/gcc-cm3\libdriver-cm3.a(ssi.o)
 .text.SSIDataPutNonBlocking
                0x00000000       0x12 C:\StellarisWare/driverlib/gcc-cm3\libdriver-cm3.a(ssi.o)
 .text.SSIDMAEnable
                0x00000000        0x8 C:\StellarisWare/driverlib/gcc-cm3\libdriver-cm3.a(ssi.o)
 .text.SSIDMADisable
                0x00000000        0xa C:\StellarisWare/driverlib/gcc-cm3\libdriver-cm3.a(ssi.o)
 .text.SSIBusy  0x00000000        0x8 C:\StellarisWare/driverlib/gcc-cm3\libdriver-cm3.a(ssi.o)
 .text.SSIClockSourceSet
                0x00000000        0x6 C:\StellarisWare/driverlib/gcc-cm3\libdriver-cm3.a(ssi.o)
 .text.SSIClockSourceGet
                0x00000000        0x6 C:\StellarisWare/driverlib/gcc-cm3\libdriver-cm3.a(ssi.o)
 .rodata.g_ppulSSIIntMap
                0x00000000       0x20 C:\StellarisWare/driverlib/gcc-cm3\libdriver-cm3.a(ssi.o)
 .text          0x00000000        0x0 C:\StellarisWare/driverlib/gcc-cm3\libdriver-cm3.a(sysctl.o)
 .data          0x00000000        0x0 C:\StellarisWare/driverlib/gcc-cm3\libdriver-cm3.a(sysctl.o)
 .bss           0x00000000        0x0 C:\StellarisWare/driverlib/gcc-cm3\libdriver-cm3.a(sysctl.o)
 .text.SysCtlPeripheralMapToNew
                0x00000000       0x24 C:\StellarisWare/driverlib/gcc-cm3\libdriver-cm3.a(sysctl.o)
 .text.SysCtlSRAMSizeGet
                0x00000000       0x14 C:\StellarisWare/driverlib/gcc-cm3\libdriver-cm3.a(sysctl.o)
 .text.SysCtlFlashSizeGet
                0x00000000       0x14 C:\StellarisWare/driverlib/gcc-cm3\libdriver-cm3.a(sysctl.o)
 .text.SysCtlPinPresent
                0x00000000       0x14 C:\StellarisWare/driverlib/gcc-cm3\libdriver-cm3.a(sysctl.o)
 .text.SysCtlPeripheralPresent
                0x00000000       0x7c C:\StellarisWare/driverlib/gcc-cm3\libdriver-cm3.a(sysctl.o)
 .text.SysCtlPeripheralReady
                0x00000000       0x38 C:\StellarisWare/driverlib/gcc-cm3\libdriver-cm3.a(sysctl.o)
 .text.SysCtlPeripheralPowerOn
                0x00000000       0x38 C:\StellarisWare/driverlib/gcc-cm3\libdriver-cm3.a(sysctl.o)
 .text.SysCtlPeripheralPowerOff
                0x00000000       0x38 C:\StellarisWare/driverlib/gcc-cm3\libdriver-cm3.a(sysctl.o)
 .text.SysCtlPeripheralReset
                0x00000000       0x8c C:\StellarisWare/driverlib/gcc-cm3\libdriver-cm3.a(sysctl.o)
 .text.SysCtlPeripheralDisable
                0x00000000       0x5c C:\StellarisWare/driverlib/gcc-cm3\libdriver-cm3.a(sysctl.o)
 .text.SysCtlPeripheralSleepEnable
                0x00000000       0x5c C:\StellarisWare/driverlib/gcc-cm3\libdriver-cm3.a(sysctl.o)
 .text.SysCtlPeripheralSleepDisable
                0x00000000       0x5c C:\StellarisWare/driverlib/gcc-cm3\libdriver-cm3.a(sysctl.o)
 .text.SysCtlPeripheralDeepSleepEnable
                0x00000000       0x5c C:\StellarisWare/driverlib/gcc-cm3\libdriver-cm3.a(sysctl.o)
 .text.SysCtlPeripheralDeepSleepDisable
                0x00000000       0x5c C:\StellarisWare/driverlib/gcc-cm3\libdriver-cm3.a(sysctl.o)
 .text.SysCtlPeripheralClockGating
                0x00000000       0x1c C:\StellarisWare/driverlib/gcc-cm3\libdriver-cm3.a(sysctl.o)
 .text.SysCtlIntRegister
                0x00000000       0x14 C:\StellarisWare/driverlib/gcc-cm3\libdriver-cm3.a(sysctl.o)
 .text.SysCtlIntUnregister
                0x00000000       0x12 C:\StellarisWare/driverlib/gcc-cm3\libdriver-cm3.a(sysctl.o)
 .text.SysCtlIntEnable
                0x00000000       0x10 C:\StellarisWare/driverlib/gcc-cm3\libdriver-cm3.a(sysctl.o)
 .text.SysCtlIntDisable
                0x00000000       0x10 C:\StellarisWare/driverlib/gcc-cm3\libdriver-cm3.a(sysctl.o)
 .text.SysCtlIntClear
                0x00000000        0xc C:\StellarisWare/driverlib/gcc-cm3\libdriver-cm3.a(sysctl.o)
 .text.SysCtlIntStatus
                0x00000000       0x18 C:\StellarisWare/driverlib/gcc-cm3\libdriver-cm3.a(sysctl.o)
 .text.SysCtlLDOSet
                0x00000000        0xc C:\StellarisWare/driverlib/gcc-cm3\libdriver-cm3.a(sysctl.o)
 .text.SysCtlLDOGet
                0x00000000        0xc C:\StellarisWare/driverlib/gcc-cm3\libdriver-cm3.a(sysctl.o)
 .text.SysCtlLDOConfigSet
                0x00000000        0xc C:\StellarisWare/driverlib/gcc-cm3\libdriver-cm3.a(sysctl.o)
 .text.SysCtlReset
                0x00000000       0x10 C:\StellarisWare/driverlib/gcc-cm3\libdriver-cm3.a(sysctl.o)
 .text.SysCtlSleep
                0x00000000        0x4 C:\StellarisWare/driverlib/gcc-cm3\libdriver-cm3.a(sysctl.o)
 .text.SysCtlDeepSleep
                0x00000000       0x20 C:\StellarisWare/driverlib/gcc-cm3\libdriver-cm3.a(sysctl.o)
 .text.SysCtlResetCauseGet
                0x00000000        0xc C:\StellarisWare/driverlib/gcc-cm3\libdriver-cm3.a(sysctl.o)
 .text.SysCtlResetCauseClear
                0x00000000       0x10 C:\StellarisWare/driverlib/gcc-cm3\libdriver-cm3.a(sysctl.o)
 .text.SysCtlBrownOutConfigSet
                0x00000000       0x10 C:\StellarisWare/driverlib/gcc-cm3\libdriver-cm3.a(sysctl.o)
 .text.SysCtlMOSCConfigSet
                0x00000000        0xc C:\StellarisWare/driverlib/gcc-cm3\libdriver-cm3.a(sysctl.o)
 .text.SysCtlPIOSCCalibrate
                0x00000000       0x54 C:\StellarisWare/driverlib/gcc-cm3\libdriver-cm3.a(sysctl.o)
 .text.SysCtlDeepSleepClockSet
                0x00000000        0xc C:\StellarisWare/driverlib/gcc-cm3\libdriver-cm3.a(sysctl.o)
 .text.SysCtlPWMClockSet
                0x00000000       0x14 C:\StellarisWare/driverlib/gcc-cm3\libdriver-cm3.a(sysctl.o)
 .text.SysCtlPWMClockGet
                0x00000000       0x18 C:\StellarisWare/driverlib/gcc-cm3\libdriver-cm3.a(sysctl.o)
 .text.SysCtlADCSpeedSet
                0x00000000       0x20 C:\StellarisWare/driverlib/gcc-cm3\libdriver-cm3.a(sysctl.o)
 .text.SysCtlADCSpeedGet
                0x00000000       0x10 C:\StellarisWare/driverlib/gcc-cm3\libdriver-cm3.a(sysctl.o)
 .text.SysCtlIOSCVerificationSet
                0x00000000       0x1c C:\StellarisWare/driverlib/gcc-cm3\libdriver-cm3.a(sysctl.o)
 .text.SysCtlMOSCVerificationSet
                0x00000000       0x1c C:\StellarisWare/driverlib/gcc-cm3\libdriver-cm3.a(sysctl.o)
 .text.SysCtlPLLVerificationSet
                0x00000000       0x1c C:\StellarisWare/driverlib/gcc-cm3\libdriver-cm3.a(sysctl.o)
 .text.SysCtlClkVerificationClear
                0x00000000       0x10 C:\StellarisWare/driverlib/gcc-cm3\libdriver-cm3.a(sysctl.o)
 .text.SysCtlGPIOAHBEnable
                0x00000000       0x14 C:\StellarisWare/driverlib/gcc-cm3\libdriver-cm3.a(sysctl.o)
 .text.SysCtlGPIOAHBDisable
                0x00000000       0x14 C:\StellarisWare/driverlib/gcc-cm3\libdriver-cm3.a(sysctl.o)
 .text.SysCtlUSBPLLEnable
                0x00000000       0x10 C:\StellarisWare/driverlib/gcc-cm3\libdriver-cm3.a(sysctl.o)
 .text.SysCtlUSBPLLDisable
                0x00000000       0x10 C:\StellarisWare/driverlib/gcc-cm3\libdriver-cm3.a(sysctl.o)
 .text.SysCtlI2SMClkSet
                0x00000000       0xe0 C:\StellarisWare/driverlib/gcc-cm3\libdriver-cm3.a(sysctl.o)
 .rodata.g_pulDCRegs
                0x00000000       0x10 C:\StellarisWare/driverlib/gcc-cm3\libdriver-cm3.a(sysctl.o)
 .rodata.g_pulDCGCRegs
                0x00000000        0xc C:\StellarisWare/driverlib/gcc-cm3\libdriver-cm3.a(sysctl.o)
 .rodata.g_ppulPeripheralMap
                0x00000000      0x118 C:\StellarisWare/driverlib/gcc-cm3\libdriver-cm3.a(sysctl.o)
 .rodata.g_pulSCGCRegs
                0x00000000        0xc C:\StellarisWare/driverlib/gcc-cm3\libdriver-cm3.a(sysctl.o)
 .rodata.g_pulSRCRRegs
                0x00000000        0xc C:\StellarisWare/driverlib/gcc-cm3\libdriver-cm3.a(sysctl.o)
 .text          0x00000000        0x0 C:\StellarisWare/driverlib/gcc-cm3\libdriver-cm3.a(uart.o)
 .data          0x00000000        0x0 C:\StellarisWare/driverlib/gcc-cm3\libdriver-cm3.a(uart.o)
 .bss           0x00000000        0x0 C:\StellarisWare/driverlib/gcc-cm3\libdriver-cm3.a(uart.o)
 .text.UARTIntNumberGet
                0x00000000       0x28 C:\StellarisWare/driverlib/gcc-cm3\libdriver-cm3.a(uart.o)
 .text.UARTParityModeSet
                0x00000000        0xc C:\StellarisWare/driverlib/gcc-cm3\libdriver-cm3.a(uart.o)
 .text.UARTParityModeGet
                0x00000000        0x8 C:\StellarisWare/driverlib/gcc-cm3\libdriver-cm3.a(uart.o)
 .text.UARTFIFOLevelSet
                0x00000000        0x6 C:\StellarisWare/driverlib/gcc-cm3\libdriver-cm3.a(uart.o)
 .text.UARTFIFOLevelGet
                0x00000000       0x10 C:\StellarisWare/driverlib/gcc-cm3\libdriver-cm3.a(uart.o)
 .text.UARTConfigGetExpClk
                0x00000000       0x28 C:\StellarisWare/driverlib/gcc-cm3\libdriver-cm3.a(uart.o)
 .text.UARTFIFOEnable
                0x00000000        0xa C:\StellarisWare/driverlib/gcc-cm3\libdriver-cm3.a(uart.o)
 .text.UARTFIFODisable
                0x00000000        0xa C:\StellarisWare/driverlib/gcc-cm3\libdriver-cm3.a(uart.o)
 .text.UARTEnableSIR
                0x00000000       0x14 C:\StellarisWare/driverlib/gcc-cm3\libdriver-cm3.a(uart.o)
 .text.UARTDisableSIR
                0x00000000        0xa C:\StellarisWare/driverlib/gcc-cm3\libdriver-cm3.a(uart.o)
 .text.UARTSmartCardEnable
                0x00000000       0x16 C:\StellarisWare/driverlib/gcc-cm3\libdriver-cm3.a(uart.o)
 .text.UARTSmartCardDisable
                0x00000000        0xa C:\StellarisWare/driverlib/gcc-cm3\libdriver-cm3.a(uart.o)
 .text.UARTModemControlSet
                0x00000000        0xc C:\StellarisWare/driverlib/gcc-cm3\libdriver-cm3.a(uart.o)
 .text.UARTModemControlClear
                0x00000000        0xe C:\StellarisWare/driverlib/gcc-cm3\libdriver-cm3.a(uart.o)
 .text.UARTModemControlGet
                0x00000000        0x8 C:\StellarisWare/driverlib/gcc-cm3\libdriver-cm3.a(uart.o)
 .text.UARTModemStatusGet
                0x00000000        0xc C:\StellarisWare/driverlib/gcc-cm3\libdriver-cm3.a(uart.o)
 .text.UARTFlowControlSet
                0x00000000        0xc C:\StellarisWare/driverlib/gcc-cm3\libdriver-cm3.a(uart.o)
 .text.UARTFlowControlGet
                0x00000000        0x8 C:\StellarisWare/driverlib/gcc-cm3\libdriver-cm3.a(uart.o)
 .text.UARTTxIntModeSet
                0x00000000        0xc C:\StellarisWare/driverlib/gcc-cm3\libdriver-cm3.a(uart.o)
 .text.UARTTxIntModeGet
                0x00000000        0x8 C:\StellarisWare/driverlib/gcc-cm3\libdriver-cm3.a(uart.o)
 .text.UARTCharsAvail
                0x00000000       0x10 C:\StellarisWare/driverlib/gcc-cm3\libdriver-cm3.a(uart.o)
 .text.UARTSpaceAvail
                0x00000000       0x10 C:\StellarisWare/driverlib/gcc-cm3\libdriver-cm3.a(uart.o)
 .text.UARTCharGetNonBlocking
                0x00000000       0x10 C:\StellarisWare/driverlib/gcc-cm3\libdriver-cm3.a(uart.o)
 .text.UARTCharGet
                0x00000000        0xc C:\StellarisWare/driverlib/gcc-cm3\libdriver-cm3.a(uart.o)
 .text.UARTCharPutNonBlocking
                0x00000000       0x12 C:\StellarisWare/driverlib/gcc-cm3\libdriver-cm3.a(uart.o)
 .text.UARTBreakCtl
                0x00000000       0x18 C:\StellarisWare/driverlib/gcc-cm3\libdriver-cm3.a(uart.o)
 .text.UARTBusy
                0x00000000        0x8 C:\StellarisWare/driverlib/gcc-cm3\libdriver-cm3.a(uart.o)
 .text.UARTIntRegister
                0x00000000       0x1a C:\StellarisWare/driverlib/gcc-cm3\libdriver-cm3.a(uart.o)
 .text.UARTIntUnregister
                0x00000000       0x16 C:\StellarisWare/driverlib/gcc-cm3\libdriver-cm3.a(uart.o)
 .text.UARTIntEnable
                0x00000000        0x8 C:\StellarisWare/driverlib/gcc-cm3\libdriver-cm3.a(uart.o)
 .text.UARTIntDisable
                0x00000000        0xa C:\StellarisWare/driverlib/gcc-cm3\libdriver-cm3.a(uart.o)
 .text.UARTIntStatus
                0x00000000        0xa C:\StellarisWare/driverlib/gcc-cm3\libdriver-cm3.a(uart.o)
 .text.UARTIntClear
                0x00000000        0x4 C:\StellarisWare/driverlib/gcc-cm3\libdriver-cm3.a(uart.o)
 .text.UARTDMAEnable
                0x00000000        0x8 C:\StellarisWare/driverlib/gcc-cm3\libdriver-cm3.a(uart.o)
 .text.UARTDMADisable
                0x00000000        0xa C:\StellarisWare/driverlib/gcc-cm3\libdriver-cm3.a(uart.o)
 .text.UARTRxErrorGet
                0x00000000        0x8 C:\StellarisWare/driverlib/gcc-cm3\libdriver-cm3.a(uart.o)
 .text.UARTRxErrorClear
                0x00000000        0x6 C:\StellarisWare/driverlib/gcc-cm3\libdriver-cm3.a(uart.o)
 .text.UARTClockSourceSet
                0x00000000        0x6 C:\StellarisWare/driverlib/gcc-cm3\libdriver-cm3.a(uart.o)
 .text.UARTClockSourceGet
                0x00000000        0x6 C:\StellarisWare/driverlib/gcc-cm3\libdriver-cm3.a(uart.o)
 .text.UART9BitEnable
                0x00000000        0xe C:\StellarisWare/driverlib/gcc-cm3\libdriver-cm3.a(uart.o)
 .text.UART9BitDisable
                0x00000000        0xe C:\StellarisWare/driverlib/gcc-cm3\libdriver-cm3.a(uart.o)
 .text.UART9BitAddrSet
                0x00000000        0xa C:\StellarisWare/driverlib/gcc-cm3\libdriver-cm3.a(uart.o)
 .text.UART9BitAddrSend
                0x00000000       0x28 C:\StellarisWare/driverlib/gcc-cm3\libdriver-cm3.a(uart.o)
 .rodata.g_ppulUARTIntMap
                0x00000000       0x40 C:\StellarisWare/driverlib/gcc-cm3\libdriver-cm3.a(uart.o)
 .text          0x00000000        0x0 C:\StellarisWare/driverlib/gcc-cm3\libdriver-cm3.a(cpu.o)
 .data          0x00000000        0x0 C:\StellarisWare/driverlib/gcc-cm3\libdriver-cm3.a(cpu.o)
 .bss           0x00000000        0x0 C:\StellarisWare/driverlib/gcc-cm3\libdriver-cm3.a(cpu.o)
 .text.CPUcpsid
                0x00000000        0x8 C:\StellarisWare/driverlib/gcc-cm3\libdriver-cm3.a(cpu.o)
 .text.CPUprimask
                0x00000000        0x6 C:\StellarisWare/driverlib/gcc-cm3\libdriver-cm3.a(cpu.o)
 .text.CPUwfi   0x00000000        0x4 C:\StellarisWare/driverlib/gcc-cm3\libdriver-cm3.a(cpu.o)
 .text.CPUbasepriSet
                0x00000000        0x6 C:\StellarisWare/driverlib/gcc-cm3\libdriver-cm3.a(cpu.o)
 .text.CPUbasepriGet
                0x00000000        0x6 C:\StellarisWare/driverlib/gcc-cm3\libdriver-cm3.a(cpu.o)
 .data          0x00000000        0x0 c:/program files (x86)/codesourcery/sourcery g++ lite/bin/../lib/gcc/arm-none-eabi/4.4.1/../../../../arm-none-eabi/lib/thumb2\libc.a(lib_a-errno.o)
 .bss           0x00000000        0x0 c:/program files (x86)/codesourcery/sourcery g++ lite/bin/../lib/gcc/arm-none-eabi/4.4.1/../../../../arm-none-eabi/lib/thumb2\libc.a(lib_a-errno.o)
 .data          0x00000000        0x0 c:/program files (x86)/codesourcery/sourcery g++ lite/bin/../lib/gcc/arm-none-eabi/4.4.1/../../../../arm-none-eabi/lib/thumb2\libc.a(lib_a-exit.o)
 .bss           0x00000000        0x0 c:/program files (x86)/codesourcery/sourcery g++ lite/bin/../lib/gcc/arm-none-eabi/4.4.1/../../../../arm-none-eabi/lib/thumb2\libc.a(lib_a-exit.o)
 .text          0x00000000        0x0 c:/program files (x86)/codesourcery/sourcery g++ lite/bin/../lib/gcc/arm-none-eabi/4.4.1/../../../../arm-none-eabi/lib/thumb2\libc.a(lib_a-impure.o)
 .bss           0x00000000        0x0 c:/program files (x86)/codesourcery/sourcery g++ lite/bin/../lib/gcc/arm-none-eabi/4.4.1/../../../../arm-none-eabi/lib/thumb2\libc.a(lib_a-impure.o)
 .data          0x00000000        0x0 c:/program files (x86)/codesourcery/sourcery g++ lite/bin/../lib/gcc/arm-none-eabi/4.4.1/../../../../arm-none-eabi/lib/thumb2\libc.a(lib_a-iprintf.o)
 .bss           0x00000000        0x0 c:/program files (x86)/codesourcery/sourcery g++ lite/bin/../lib/gcc/arm-none-eabi/4.4.1/../../../../arm-none-eabi/lib/thumb2\libc.a(lib_a-iprintf.o)
 .data          0x00000000        0x0 c:/program files (x86)/codesourcery/sourcery g++ lite/bin/../lib/gcc/arm-none-eabi/4.4.1/../../../../arm-none-eabi/lib/thumb2\libc.a(lib_a-malloc.o)
 .bss           0x00000000        0x0 c:/program files (x86)/codesourcery/sourcery g++ lite/bin/../lib/gcc/arm-none-eabi/4.4.1/../../../../arm-none-eabi/lib/thumb2\libc.a(lib_a-malloc.o)
 .data          0x00000000        0x0 c:/program files (x86)/codesourcery/sourcery g++ lite/bin/../lib/gcc/arm-none-eabi/4.4.1/../../../../arm-none-eabi/lib/thumb2\libc.a(lib_a-mlock.o)
 .bss           0x00000000        0x0 c:/program files (x86)/codesourcery/sourcery g++ lite/bin/../lib/gcc/arm-none-eabi/4.4.1/../../../../arm-none-eabi/lib/thumb2\libc.a(lib_a-mlock.o)
 .data          0x00000000        0x0 c:/program files (x86)/codesourcery/sourcery g++ lite/bin/../lib/gcc/arm-none-eabi/4.4.1/../../../../arm-none-eabi/lib/thumb2\libc.a(lib_a-sbrkr.o)
 .bss           0x00000000        0x0 c:/program files (x86)/codesourcery/sourcery g++ lite/bin/../lib/gcc/arm-none-eabi/4.4.1/../../../../arm-none-eabi/lib/thumb2\libc.a(lib_a-sbrkr.o)
 .data          0x00000000        0x0 c:/program files (x86)/codesourcery/sourcery g++ lite/bin/../lib/gcc/arm-none-eabi/4.4.1/../../../../arm-none-eabi/lib/thumb2\libc.a(lib_a-vfiprintf.o)
 .bss           0x00000000        0x0 c:/program files (x86)/codesourcery/sourcery g++ lite/bin/../lib/gcc/arm-none-eabi/4.4.1/../../../../arm-none-eabi/lib/thumb2\libc.a(lib_a-vfiprintf.o)
 .data          0x00000000        0x0 c:/program files (x86)/codesourcery/sourcery g++ lite/bin/../lib/gcc/arm-none-eabi/4.4.1/../../../../arm-none-eabi/lib/thumb2\libc.a(lib_a-wsetup.o)
 .bss           0x00000000        0x0 c:/program files (x86)/codesourcery/sourcery g++ lite/bin/../lib/gcc/arm-none-eabi/4.4.1/../../../../arm-none-eabi/lib/thumb2\libc.a(lib_a-wsetup.o)
 .data          0x00000000        0x0 c:/program files (x86)/codesourcery/sourcery g++ lite/bin/../lib/gcc/arm-none-eabi/4.4.1/../../../../arm-none-eabi/lib/thumb2\libc.a(lib_a-__call_atexit.o)
 .bss           0x00000000        0x0 c:/program files (x86)/codesourcery/sourcery g++ lite/bin/../lib/gcc/arm-none-eabi/4.4.1/../../../../arm-none-eabi/lib/thumb2\libc.a(lib_a-__call_atexit.o)
 .init_array.00000
                0x00000000        0x4 c:/program files (x86)/codesourcery/sourcery g++ lite/bin/../lib/gcc/arm-none-eabi/4.4.1/../../../../arm-none-eabi/lib/thumb2\libc.a(lib_a-__call_atexit.o)
 .data          0x00000000        0x0 c:/program files (x86)/codesourcery/sourcery g++ lite/bin/../lib/gcc/arm-none-eabi/4.4.1/../../../../arm-none-eabi/lib/thumb2\libc.a(lib_a-atexit.o)
 .bss           0x00000000        0x0 c:/program files (x86)/codesourcery/sourcery g++ lite/bin/../lib/gcc/arm-none-eabi/4.4.1/../../../../arm-none-eabi/lib/thumb2\libc.a(lib_a-atexit.o)
 .data          0x00000000        0x0 c:/program files (x86)/codesourcery/sourcery g++ lite/bin/../lib/gcc/arm-none-eabi/4.4.1/../../../../arm-none-eabi/lib/thumb2\libc.a(lib_a-fflush.o)
 .bss           0x00000000        0x0 c:/program files (x86)/codesourcery/sourcery g++ lite/bin/../lib/gcc/arm-none-eabi/4.4.1/../../../../arm-none-eabi/lib/thumb2\libc.a(lib_a-fflush.o)
 .data          0x00000000        0x0 c:/program files (x86)/codesourcery/sourcery g++ lite/bin/../lib/gcc/arm-none-eabi/4.4.1/../../../../arm-none-eabi/lib/thumb2\libc.a(lib_a-findfp.o)
 .bss           0x00000000        0x0 c:/program files (x86)/codesourcery/sourcery g++ lite/bin/../lib/gcc/arm-none-eabi/4.4.1/../../../../arm-none-eabi/lib/thumb2\libc.a(lib_a-findfp.o)
 .data          0x00000000        0x0 c:/program files (x86)/codesourcery/sourcery g++ lite/bin/../lib/gcc/arm-none-eabi/4.4.1/../../../../arm-none-eabi/lib/thumb2\libc.a(lib_a-fini.o)
 .bss           0x00000000        0x0 c:/program files (x86)/codesourcery/sourcery g++ lite/bin/../lib/gcc/arm-none-eabi/4.4.1/../../../../arm-none-eabi/lib/thumb2\libc.a(lib_a-fini.o)
 .data          0x00000000        0x0 c:/program files (x86)/codesourcery/sourcery g++ lite/bin/../lib/gcc/arm-none-eabi/4.4.1/../../../../arm-none-eabi/lib/thumb2\libc.a(lib_a-freer.o)
 .bss           0x00000000        0x0 c:/program files (x86)/codesourcery/sourcery g++ lite/bin/../lib/gcc/arm-none-eabi/4.4.1/../../../../arm-none-eabi/lib/thumb2\libc.a(lib_a-freer.o)
 .data          0x00000000        0x0 c:/program files (x86)/codesourcery/sourcery g++ lite/bin/../lib/gcc/arm-none-eabi/4.4.1/../../../../arm-none-eabi/lib/thumb2\libc.a(lib_a-fvwrite.o)
 .bss           0x00000000        0x0 c:/program files (x86)/codesourcery/sourcery g++ lite/bin/../lib/gcc/arm-none-eabi/4.4.1/../../../../arm-none-eabi/lib/thumb2\libc.a(lib_a-fvwrite.o)
 .data          0x00000000        0x0 c:/program files (x86)/codesourcery/sourcery g++ lite/bin/../lib/gcc/arm-none-eabi/4.4.1/../../../../arm-none-eabi/lib/thumb2\libc.a(lib_a-fwalk.o)
 .bss           0x00000000        0x0 c:/program files (x86)/codesourcery/sourcery g++ lite/bin/../lib/gcc/arm-none-eabi/4.4.1/../../../../arm-none-eabi/lib/thumb2\libc.a(lib_a-fwalk.o)
 .data          0x00000000        0x0 c:/program files (x86)/codesourcery/sourcery g++ lite/bin/../lib/gcc/arm-none-eabi/4.4.1/../../../../arm-none-eabi/lib/thumb2\libc.a(lib_a-makebuf.o)
 .bss           0x00000000        0x0 c:/program files (x86)/codesourcery/sourcery g++ lite/bin/../lib/gcc/arm-none-eabi/4.4.1/../../../../arm-none-eabi/lib/thumb2\libc.a(lib_a-makebuf.o)
 .data          0x00000000        0x0 c:/program files (x86)/codesourcery/sourcery g++ lite/bin/../lib/gcc/arm-none-eabi/4.4.1/../../../../arm-none-eabi/lib/thumb2\libc.a(lib_a-memchr.o)
 .bss           0x00000000        0x0 c:/program files (x86)/codesourcery/sourcery g++ lite/bin/../lib/gcc/arm-none-eabi/4.4.1/../../../../arm-none-eabi/lib/thumb2\libc.a(lib_a-memchr.o)
 .data          0x00000000        0x0 c:/program files (x86)/codesourcery/sourcery g++ lite/bin/../lib/gcc/arm-none-eabi/4.4.1/../../../../arm-none-eabi/lib/thumb2\libc.a(lib_a-memcpy.o)
 .bss           0x00000000        0x0 c:/program files (x86)/codesourcery/sourcery g++ lite/bin/../lib/gcc/arm-none-eabi/4.4.1/../../../../arm-none-eabi/lib/thumb2\libc.a(lib_a-memcpy.o)
 .data          0x00000000        0x0 c:/program files (x86)/codesourcery/sourcery g++ lite/bin/../lib/gcc/arm-none-eabi/4.4.1/../../../../arm-none-eabi/lib/thumb2\libc.a(lib_a-memmove.o)
 .bss           0x00000000        0x0 c:/program files (x86)/codesourcery/sourcery g++ lite/bin/../lib/gcc/arm-none-eabi/4.4.1/../../../../arm-none-eabi/lib/thumb2\libc.a(lib_a-memmove.o)
 .data          0x00000000        0x0 c:/program files (x86)/codesourcery/sourcery g++ lite/bin/../lib/gcc/arm-none-eabi/4.4.1/../../../../arm-none-eabi/lib/thumb2\libc.a(lib_a-memset.o)
 .bss           0x00000000        0x0 c:/program files (x86)/codesourcery/sourcery g++ lite/bin/../lib/gcc/arm-none-eabi/4.4.1/../../../../arm-none-eabi/lib/thumb2\libc.a(lib_a-memset.o)
 .data          0x00000000        0x0 c:/program files (x86)/codesourcery/sourcery g++ lite/bin/../lib/gcc/arm-none-eabi/4.4.1/../../../../arm-none-eabi/lib/thumb2\libc.a(lib_a-reallocr.o)
 .bss           0x00000000        0x0 c:/program files (x86)/codesourcery/sourcery g++ lite/bin/../lib/gcc/arm-none-eabi/4.4.1/../../../../arm-none-eabi/lib/thumb2\libc.a(lib_a-reallocr.o)
 .text          0x00000000      0x10c c:/program files (x86)/codesourcery/sourcery g++ lite/bin/../lib/gcc/arm-none-eabi/4.4.1/../../../../arm-none-eabi/lib/thumb2\libc.a(lib_a-reent.o)
 .data          0x00000000        0x0 c:/program files (x86)/codesourcery/sourcery g++ lite/bin/../lib/gcc/arm-none-eabi/4.4.1/../../../../arm-none-eabi/lib/thumb2\libc.a(lib_a-reent.o)
 .bss           0x00000000        0x0 c:/program files (x86)/codesourcery/sourcery g++ lite/bin/../lib/gcc/arm-none-eabi/4.4.1/../../../../arm-none-eabi/lib/thumb2\libc.a(lib_a-reent.o)
 .data          0x00000000        0x0 c:/program files (x86)/codesourcery/sourcery g++ lite/bin/../lib/gcc/arm-none-eabi/4.4.1/../../../../arm-none-eabi/lib/thumb2\libc.a(lib_a-stdio.o)
 .bss           0x00000000        0x0 c:/program files (x86)/codesourcery/sourcery g++ lite/bin/../lib/gcc/arm-none-eabi/4.4.1/../../../../arm-none-eabi/lib/thumb2\libc.a(lib_a-stdio.o)
 .data          0x00000000        0x0 c:/program files (x86)/codesourcery/sourcery g++ lite/bin/../lib/gcc/arm-none-eabi/4.4.1/../../../../arm-none-eabi/lib/thumb2\libc.a(lib_a-strlen.o)
 .bss           0x00000000        0x0 c:/program files (x86)/codesourcery/sourcery g++ lite/bin/../lib/gcc/arm-none-eabi/4.4.1/../../../../arm-none-eabi/lib/thumb2\libc.a(lib_a-strlen.o)
 .data          0x00000000        0x0 c:/program files (x86)/codesourcery/sourcery g++ lite/bin/../lib/gcc/arm-none-eabi/4.4.1/../../../../arm-none-eabi/lib/thumb2\libc.a(lib_a-writer.o)
 .bss           0x00000000        0x0 c:/program files (x86)/codesourcery/sourcery g++ lite/bin/../lib/gcc/arm-none-eabi/4.4.1/../../../../arm-none-eabi/lib/thumb2\libc.a(lib_a-writer.o)
 .data          0x00000000        0x0 c:/program files (x86)/codesourcery/sourcery g++ lite/bin/../lib/gcc/arm-none-eabi/4.4.1/../../../../arm-none-eabi/lib/thumb2\libc.a(lib_a-__atexit.o)
 .bss           0x00000000        0x0 c:/program files (x86)/codesourcery/sourcery g++ lite/bin/../lib/gcc/arm-none-eabi/4.4.1/../../../../arm-none-eabi/lib/thumb2\libc.a(lib_a-__atexit.o)
 .data          0x00000000        0x0 c:/program files (x86)/codesourcery/sourcery g++ lite/bin/../lib/gcc/arm-none-eabi/4.4.1/../../../../arm-none-eabi/lib/thumb2\libc.a(lib_a-closer.o)
 .bss           0x00000000        0x0 c:/program files (x86)/codesourcery/sourcery g++ lite/bin/../lib/gcc/arm-none-eabi/4.4.1/../../../../arm-none-eabi/lib/thumb2\libc.a(lib_a-closer.o)
 .data          0x00000000        0x0 c:/program files (x86)/codesourcery/sourcery g++ lite/bin/../lib/gcc/arm-none-eabi/4.4.1/../../../../arm-none-eabi/lib/thumb2\libc.a(lib_a-fclose.o)
 .bss           0x00000000        0x0 c:/program files (x86)/codesourcery/sourcery g++ lite/bin/../lib/gcc/arm-none-eabi/4.4.1/../../../../arm-none-eabi/lib/thumb2\libc.a(lib_a-fclose.o)
 .data          0x00000000        0x0 c:/program files (x86)/codesourcery/sourcery g++ lite/bin/../lib/gcc/arm-none-eabi/4.4.1/../../../../arm-none-eabi/lib/thumb2\libc.a(lib_a-fstatr.o)
 .bss           0x00000000        0x0 c:/program files (x86)/codesourcery/sourcery g++ lite/bin/../lib/gcc/arm-none-eabi/4.4.1/../../../../arm-none-eabi/lib/thumb2\libc.a(lib_a-fstatr.o)
 .data          0x00000000        0x0 c:/program files (x86)/codesourcery/sourcery g++ lite/bin/../lib/gcc/arm-none-eabi/4.4.1/../../../../arm-none-eabi/lib/thumb2\libc.a(lib_a-isattyr.o)
 .bss           0x00000000        0x0 c:/program files (x86)/codesourcery/sourcery g++ lite/bin/../lib/gcc/arm-none-eabi/4.4.1/../../../../arm-none-eabi/lib/thumb2\libc.a(lib_a-isattyr.o)
 .data          0x00000000        0x0 c:/program files (x86)/codesourcery/sourcery g++ lite/bin/../lib/gcc/arm-none-eabi/4.4.1/../../../../arm-none-eabi/lib/thumb2\libc.a(lib_a-lseekr.o)
 .bss           0x00000000        0x0 c:/program files (x86)/codesourcery/sourcery g++ lite/bin/../lib/gcc/arm-none-eabi/4.4.1/../../../../arm-none-eabi/lib/thumb2\libc.a(lib_a-lseekr.o)
 .data          0x00000000        0x0 c:/program files (x86)/codesourcery/sourcery g++ lite/bin/../lib/gcc/arm-none-eabi/4.4.1/../../../../arm-none-eabi/lib/thumb2\libc.a(lib_a-readr.o)
 .bss           0x00000000        0x0 c:/program files (x86)/codesourcery/sourcery g++ lite/bin/../lib/gcc/arm-none-eabi/4.4.1/../../../../arm-none-eabi/lib/thumb2\libc.a(lib_a-readr.o)
 .data          0x00000000        0x0 c:/program files (x86)/codesourcery/sourcery g++ lite/bin/../lib/gcc/arm-none-eabi/4.4.1/thumb2\libgcc.a(_aeabi_uldivmod.o)
 .bss           0x00000000        0x0 c:/program files (x86)/codesourcery/sourcery g++ lite/bin/../lib/gcc/arm-none-eabi/4.4.1/thumb2\libgcc.a(_aeabi_uldivmod.o)
 .data          0x00000000        0x0 c:/program files (x86)/codesourcery/sourcery g++ lite/bin/../lib/gcc/arm-none-eabi/4.4.1/thumb2\libgcc.a(bpabi.o)
 .bss           0x00000000        0x0 c:/program files (x86)/codesourcery/sourcery g++ lite/bin/../lib/gcc/arm-none-eabi/4.4.1/thumb2\libgcc.a(bpabi.o)
 .data          0x00000000        0x0 c:/program files (x86)/codesourcery/sourcery g++ lite/bin/../lib/gcc/arm-none-eabi/4.4.1/thumb2\libgcc.a(_dvmd_tls.o)
 .bss           0x00000000        0x0 c:/program files (x86)/codesourcery/sourcery g++ lite/bin/../lib/gcc/arm-none-eabi/4.4.1/thumb2\libgcc.a(_dvmd_tls.o)
 .data          0x00000000        0x0 c:/program files (x86)/codesourcery/sourcery g++ lite/bin/../lib/gcc/arm-none-eabi/4.4.1/thumb2\libgcc.a(_divdi3.o)
 .bss           0x00000000        0x0 c:/program files (x86)/codesourcery/sourcery g++ lite/bin/../lib/gcc/arm-none-eabi/4.4.1/thumb2\libgcc.a(_divdi3.o)
 .ARM.extab     0x00000000        0x0 c:/program files (x86)/codesourcery/sourcery g++ lite/bin/../lib/gcc/arm-none-eabi/4.4.1/thumb2\libgcc.a(_divdi3.o)
 .data          0x00000000        0x0 c:/program files (x86)/codesourcery/sourcery g++ lite/bin/../lib/gcc/arm-none-eabi/4.4.1/thumb2\libgcc.a(_udivdi3.o)
 .bss           0x00000000        0x0 c:/program files (x86)/codesourcery/sourcery g++ lite/bin/../lib/gcc/arm-none-eabi/4.4.1/thumb2\libgcc.a(_udivdi3.o)
 .ARM.extab     0x00000000        0x0 c:/program files (x86)/codesourcery/sourcery g++ lite/bin/../lib/gcc/arm-none-eabi/4.4.1/thumb2\libgcc.a(_udivdi3.o)
 .data          0x00000000        0x0 c:/program files (x86)/codesourcery/sourcery g++ lite/bin/../lib/gcc/arm-none-eabi/4.4.1/thumb2\libgcc.a(_udivsi3.o)
 .bss           0x00000000        0x0 c:/program files (x86)/codesourcery/sourcery g++ lite/bin/../lib/gcc/arm-none-eabi/4.4.1/thumb2\libgcc.a(_udivsi3.o)
 .text          0x00000000        0x0 c:/program files (x86)/codesourcery/sourcery g++ lite/bin/../lib/gcc/arm-none-eabi/4.4.1/thumb2/crtend.o
 .data          0x00000000        0x0 c:/program files (x86)/codesourcery/sourcery g++ lite/bin/../lib/gcc/arm-none-eabi/4.4.1/thumb2/crtend.o
 .bss           0x00000000        0x0 c:/program files (x86)/codesourcery/sourcery g++ lite/bin/../lib/gcc/arm-none-eabi/4.4.1/thumb2/crtend.o
 .jcr           0x00000000        0x4 c:/program files (x86)/codesourcery/sourcery g++ lite/bin/../lib/gcc/arm-none-eabi/4.4.1/thumb2/crtend.o
 .text          0x00000000        0x0 c:/program files (x86)/codesourcery/sourcery g++ lite/bin/../lib/gcc/arm-none-eabi/4.4.1/thumb2/crtn.o
 .data          0x00000000        0x0 c:/program files (x86)/codesourcery/sourcery g++ lite/bin/../lib/gcc/arm-none-eabi/4.4.1/thumb2/crtn.o
 .bss           0x00000000        0x0 c:/program files (x86)/codesourcery/sourcery g++ lite/bin/../lib/gcc/arm-none-eabi/4.4.1/thumb2/crtn.o
 .init          0x00000000        0x8 c:/program files (x86)/codesourcery/sourcery g++ lite/bin/../lib/gcc/arm-none-eabi/4.4.1/thumb2/crtn.o
 .fini          0x00000000        0x8 c:/program files (x86)/codesourcery/sourcery g++ lite/bin/../lib/gcc/arm-none-eabi/4.4.1/thumb2/crtn.o

Memory Configuration

Name             Origin             Length             Attributes
FLASH            0x00000000         0x00040000         xr
SRAM             0x20000000         0x00010000         xrw
*default*        0x00000000         0xffffffff

Linker script and memory map

LOAD c:/program files (x86)/codesourcery/sourcery g++ lite/bin/../lib/gcc/arm-none-eabi/4.4.1/thumb2/crti.o
LOAD c:/program files (x86)/codesourcery/sourcery g++ lite/bin/../lib/gcc/arm-none-eabi/4.4.1/thumb2/crtbegin.o
LOAD C:\cygwin\tmp\cctE58hp.o
LOAD C:\cygwin\tmp\ccTmFqrz.o
LOAD C:\cygwin\tmp\cc1Xv45P.o
LOAD C:\cygwin\tmp\ccJ303ib.o
LOAD C:\cygwin\tmp\ccd8oMPH.o
LOAD C:\cygwin\tmp\ccDEIEss.o
LOAD C:\StellarisWare/driverlib/gcc-cm3\libdriver-cm3.a
START GROUP
LOAD c:/program files (x86)/codesourcery/sourcery g++ lite/bin/../lib/gcc/arm-none-eabi/4.4.1/thumb2\libgcc.a
LOAD c:/program files (x86)/codesourcery/sourcery g++ lite/bin/../lib/gcc/arm-none-eabi/4.4.1/../../../../arm-none-eabi/lib/thumb2\libc.a
END GROUP
LOAD c:/program files (x86)/codesourcery/sourcery g++ lite/bin/../lib/gcc/arm-none-eabi/4.4.1/thumb2/crtend.o
LOAD c:/program files (x86)/codesourcery/sourcery g++ lite/bin/../lib/gcc/arm-none-eabi/4.4.1/thumb2/crtn.o

.text           0x00000000     0x4818
                0x00000000                _text = .
 *(.isr_vector)
 .isr_vector    0x00000000       0xf0 C:\cygwin\tmp\ccJ303ib.o
                0x00000000                g_pfnVectors
 *(.text*)
 .text          0x000000f0      0x254 C:\cygwin\tmp\cctE58hp.o
                0x000000f0                yield
                0x000000f4                SystickInit
                0x00000118                threadStarter
                0x00000144                save_registers
                0x00000150                restore_registers
                0x0000016a                lock_release
                0x0000018c                lock_acquire
                0x000001b0                lock_init
                0x000001be                enter_sleep_mode
                0x000001c2                scheduler_handler
                0x0000022c                InitializeLED
                0x0000025c                InitializePeripherals
                0x000002c4                main
 .text          0x00000344       0x38 C:\cygwin\tmp\ccTmFqrz.o
                0x00000344                createThread
 .text          0x0000037c      0x118 C:\cygwin\tmp\cc1Xv45P.o
                0x0000037c                idle_thread
                0x00000388                LED_Thread
                0x000003b0                OLED_Thread
                0x00000424                UART_Thread2
                0x0000045c                UART_Thread1
 .text          0x00000494       0x48 C:\cygwin\tmp\ccJ303ib.o
                0x0000049a                ResetISR
 .text          0x000004dc       0xb8 C:\cygwin\tmp\ccd8oMPH.o
                0x000004dc                _read
                0x000004e0                _lseek
                0x000004e4                _open
                0x000004ec                _close
                0x000004f0                _exit
                0x000004f2                _kill
                0x000004f6                _getpid
                0x000004fa                _fstat
                0x000004fe                _stat
                0x00000504                _link
                0x0000050a                _unlink
                0x00000510                _raise
                0x00000512                _gettimeofday
                0x00000516                _times
                0x0000051a                _isatty
                0x0000051e                _rename
                0x0000052e                _system
                0x00000542                _sbrk
                0x00000574                _write
 .text          0x00000594      0x368 C:\cygwin\tmp\ccDEIEss.o
                0x000005d4                RIT128x96x4DisplayOff
                0x000005e0                RIT128x96x4DisplayOn
                0x00000640                RIT128x96x4ImageDraw
                0x000006a8                RIT128x96x4StringDraw
                0x00000780                RIT128x96x4Clear
                0x000007d4                RIT128x96x4Disable
                0x0000081c                RIT128x96x4Enable
                0x00000878                RIT128x96x4Init
 .text.GPIODirModeSet
                0x000008fc       0x2e C:\StellarisWare/driverlib/gcc-cm3\libdriver-cm3.a(gpio.o)
                0x000008fc                GPIODirModeSet
 .text.GPIOPadConfigSet
                0x0000092a       0xc8 C:\StellarisWare/driverlib/gcc-cm3\libdriver-cm3.a(gpio.o)
                0x0000092a                GPIOPadConfigSet
 .text.GPIOPinWrite
                0x000009f2        0x6 C:\StellarisWare/driverlib/gcc-cm3\libdriver-cm3.a(gpio.o)
                0x000009f2                GPIOPinWrite
 .text.GPIOPinTypeGPIOOutput
                0x000009f8       0x1c C:\StellarisWare/driverlib/gcc-cm3\libdriver-cm3.a(gpio.o)
                0x000009f8                GPIOPinTypeGPIOOutput
 .text.GPIOPinTypeSSI
                0x00000a14       0x1c C:\StellarisWare/driverlib/gcc-cm3\libdriver-cm3.a(gpio.o)
                0x00000a14                GPIOPinTypeSSI
 .text.GPIOPinTypeUART
                0x00000a30       0x1c C:\StellarisWare/driverlib/gcc-cm3\libdriver-cm3.a(gpio.o)
                0x00000a30                GPIOPinTypeUART
 .text.IntMasterEnable
                0x00000a4c        0xa C:\StellarisWare/driverlib/gcc-cm3\libdriver-cm3.a(interrupt.o)
                0x00000a4c                IntMasterEnable
 .text.SSIConfigSetExpClk
                0x00000a56       0x4a C:\StellarisWare/driverlib/gcc-cm3\libdriver-cm3.a(ssi.o)
                0x00000a56                SSIConfigSetExpClk
 .text.SSIEnable
                0x00000aa0        0xa C:\StellarisWare/driverlib/gcc-cm3\libdriver-cm3.a(ssi.o)
                0x00000aa0                SSIEnable
 .text.SSIDisable
                0x00000aaa        0xa C:\StellarisWare/driverlib/gcc-cm3\libdriver-cm3.a(ssi.o)
                0x00000aaa                SSIDisable
 .text.SSIDataPut
                0x00000ab4        0xc C:\StellarisWare/driverlib/gcc-cm3\libdriver-cm3.a(ssi.o)
                0x00000ab4                SSIDataPut
 .text.SSIDataGet
                0x00000ac0        0xe C:\StellarisWare/driverlib/gcc-cm3\libdriver-cm3.a(ssi.o)
                0x00000ac0                SSIDataGet
 .text.SSIDataGetNonBlocking
                0x00000ace       0x14 C:\StellarisWare/driverlib/gcc-cm3\libdriver-cm3.a(ssi.o)
                0x00000ace                SSIDataGetNonBlocking
 *fill*         0x00000ae2        0x2 00
 .text.SysCtlPeripheralEnable
                0x00000ae4       0x5c C:\StellarisWare/driverlib/gcc-cm3\libdriver-cm3.a(sysctl.o)
                0x00000ae4                SysCtlPeripheralEnable
 .text.SysCtlDelay
                0x00000b40        0x6 C:\StellarisWare/driverlib/gcc-cm3\libdriver-cm3.a(sysctl.o)
                0x00000b40                SysCtlDelay
 *fill*         0x00000b46        0x2 00
 .text.SysCtlClockSet
                0x00000b48      0x174 C:\StellarisWare/driverlib/gcc-cm3\libdriver-cm3.a(sysctl.o)
                0x00000b48                SysCtlClockSet
 .text.SysCtlClockGet
                0x00000cbc      0x22c C:\StellarisWare/driverlib/gcc-cm3\libdriver-cm3.a(sysctl.o)
                0x00000cbc                SysCtlClockGet
 .text.UARTEnable
                0x00000ee8       0x16 C:\StellarisWare/driverlib/gcc-cm3\libdriver-cm3.a(uart.o)
                0x00000ee8                UARTEnable
 .text.UARTDisable
                0x00000efe       0x1e C:\StellarisWare/driverlib/gcc-cm3\libdriver-cm3.a(uart.o)
                0x00000efe                UARTDisable
 .text.UARTConfigSetExpClk
                0x00000f1c       0x4e C:\StellarisWare/driverlib/gcc-cm3\libdriver-cm3.a(uart.o)
                0x00000f1c                UARTConfigSetExpClk
 .text.UARTCharPut
                0x00000f6a        0xc C:\StellarisWare/driverlib/gcc-cm3\libdriver-cm3.a(uart.o)
                0x00000f6a                UARTCharPut
 .text.CPUcpsie
                0x00000f76        0x8 C:\StellarisWare/driverlib/gcc-cm3\libdriver-cm3.a(cpu.o)
                0x00000f76                CPUcpsie
 *fill*         0x00000f7e        0x2 00
 .text          0x00000f80        0xc c:/program files (x86)/codesourcery/sourcery g++ lite/bin/../lib/gcc/arm-none-eabi/4.4.1/../../../../arm-none-eabi/lib/thumb2\libc.a(lib_a-errno.o)
                0x00000f80                __errno
 .text          0x00000f8c       0x20 c:/program files (x86)/codesourcery/sourcery g++ lite/bin/../lib/gcc/arm-none-eabi/4.4.1/../../../../arm-none-eabi/lib/thumb2\libc.a(lib_a-exit.o)
                0x00000f8c                exit
 .text          0x00000fac       0x64 c:/program files (x86)/codesourcery/sourcery g++ lite/bin/../lib/gcc/arm-none-eabi/4.4.1/../../../../arm-none-eabi/lib/thumb2\libc.a(lib_a-iprintf.o)
                0x00000fac                _iprintf_r
                0x00000fd8                iprintf
 .text          0x00001010       0x20 c:/program files (x86)/codesourcery/sourcery g++ lite/bin/../lib/gcc/arm-none-eabi/4.4.1/../../../../arm-none-eabi/lib/thumb2\libc.a(lib_a-malloc.o)
                0x00001010                free
                0x00001020                malloc
 .text          0x00001030      0x5a4 c:/program files (x86)/codesourcery/sourcery g++ lite/bin/../lib/gcc/arm-none-eabi/4.4.1/../../../../arm-none-eabi/lib/thumb2\libc.a(lib_a-mallocr.o)
                0x00001030                _malloc_r
 .text          0x000015d4        0x8 c:/program files (x86)/codesourcery/sourcery g++ lite/bin/../lib/gcc/arm-none-eabi/4.4.1/../../../../arm-none-eabi/lib/thumb2\libc.a(lib_a-mlock.o)
                0x000015d4                __malloc_lock
                0x000015d8                __malloc_unlock
 .text          0x000015dc       0x28 c:/program files (x86)/codesourcery/sourcery g++ lite/bin/../lib/gcc/arm-none-eabi/4.4.1/../../../../arm-none-eabi/lib/thumb2\libc.a(lib_a-sbrkr.o)
                0x000015dc                _sbrk_r
 .text          0x00001604      0xd38 c:/program files (x86)/codesourcery/sourcery g++ lite/bin/../lib/gcc/arm-none-eabi/4.4.1/../../../../arm-none-eabi/lib/thumb2\libc.a(lib_a-vfiprintf.o)
                0x00001620                _vfiprintf_r
                0x00002320                vfiprintf
 .text          0x0000233c      0x104 c:/program files (x86)/codesourcery/sourcery g++ lite/bin/../lib/gcc/arm-none-eabi/4.4.1/../../../../arm-none-eabi/lib/thumb2\libc.a(lib_a-wsetup.o)
                0x0000233c                __swsetup_r
 .text          0x00002440      0x130 c:/program files (x86)/codesourcery/sourcery g++ lite/bin/../lib/gcc/arm-none-eabi/4.4.1/../../../../arm-none-eabi/lib/thumb2\libc.a(lib_a-__call_atexit.o)
                0x00002440                __call_exitprocs
 .text          0x00002570        0xc c:/program files (x86)/codesourcery/sourcery g++ lite/bin/../lib/gcc/arm-none-eabi/4.4.1/../../../../arm-none-eabi/lib/thumb2\libc.a(lib_a-atexit.o)
                0x00002570                atexit
 .text          0x0000257c      0x178 c:/program files (x86)/codesourcery/sourcery g++ lite/bin/../lib/gcc/arm-none-eabi/4.4.1/../../../../arm-none-eabi/lib/thumb2\libc.a(lib_a-fflush.o)
                0x0000257c                _fflush_r
                0x000026cc                fflush
 .text          0x000026f4      0x1c8 c:/program files (x86)/codesourcery/sourcery g++ lite/bin/../lib/gcc/arm-none-eabi/4.4.1/../../../../arm-none-eabi/lib/thumb2\libc.a(lib_a-findfp.o)
                0x000026f4                __sfp_lock_acquire
                0x000026f8                __sfp_lock_release
                0x000026fc                __sinit_lock_acquire
                0x00002700                __sinit_lock_release
                0x0000270c                __fp_unlock_all
                0x00002724                __fp_lock_all
                0x0000273c                _cleanup_r
                0x00002748                _cleanup
                0x000027a4                __sfmoreglue
                0x000027d4                __sfp
                0x0000285c                __sinit
 .text          0x000028bc       0x30 c:/program files (x86)/codesourcery/sourcery g++ lite/bin/../lib/gcc/arm-none-eabi/4.4.1/../../../../arm-none-eabi/lib/thumb2\libc.a(lib_a-fini.o)
                0x000028bc                __libc_fini_array
 .text          0x000028ec      0x268 c:/program files (x86)/codesourcery/sourcery g++ lite/bin/../lib/gcc/arm-none-eabi/4.4.1/../../../../arm-none-eabi/lib/thumb2\libc.a(lib_a-freer.o)
                0x000028ec                _malloc_trim_r
                0x00002994                _free_r
 .text          0x00002b54      0x334 c:/program files (x86)/codesourcery/sourcery g++ lite/bin/../lib/gcc/arm-none-eabi/4.4.1/../../../../arm-none-eabi/lib/thumb2\libc.a(lib_a-fvwrite.o)
                0x00002b54                __sfvwrite_r
 .text          0x00002e88       0xa0 c:/program files (x86)/codesourcery/sourcery g++ lite/bin/../lib/gcc/arm-none-eabi/4.4.1/../../../../arm-none-eabi/lib/thumb2\libc.a(lib_a-fwalk.o)
                0x00002e88                _fwalk_reent
                0x00002edc                _fwalk
 .text          0x00002f28       0xdc c:/program files (x86)/codesourcery/sourcery g++ lite/bin/../lib/gcc/arm-none-eabi/4.4.1/../../../../arm-none-eabi/lib/thumb2\libc.a(lib_a-makebuf.o)
                0x00002f28                __smakebuf_r
 .text          0x00003004       0x74 c:/program files (x86)/codesourcery/sourcery g++ lite/bin/../lib/gcc/arm-none-eabi/4.4.1/../../../../arm-none-eabi/lib/thumb2\libc.a(lib_a-memchr.o)
                0x00003004                memchr
 .text          0x00003078      0x190 c:/program files (x86)/codesourcery/sourcery g++ lite/bin/../lib/gcc/arm-none-eabi/4.4.1/../../../../arm-none-eabi/lib/thumb2\libc.a(lib_a-memcpy.o)
                0x00003078                memcpy
 .text          0x00003208       0xb8 c:/program files (x86)/codesourcery/sourcery g++ lite/bin/../lib/gcc/arm-none-eabi/4.4.1/../../../../arm-none-eabi/lib/thumb2\libc.a(lib_a-memmove.o)
                0x00003208                memmove
 .text          0x000032c0       0xd4 c:/program files (x86)/codesourcery/sourcery g++ lite/bin/../lib/gcc/arm-none-eabi/4.4.1/../../../../arm-none-eabi/lib/thumb2\libc.a(lib_a-memset.o)
                0x000032c0                memset
 .text          0x00003394      0x3b4 c:/program files (x86)/codesourcery/sourcery g++ lite/bin/../lib/gcc/arm-none-eabi/4.4.1/../../../../arm-none-eabi/lib/thumb2\libc.a(lib_a-reallocr.o)
                0x00003394                _realloc_r
 .text          0x00003748       0x90 c:/program files (x86)/codesourcery/sourcery g++ lite/bin/../lib/gcc/arm-none-eabi/4.4.1/../../../../arm-none-eabi/lib/thumb2\libc.a(lib_a-stdio.o)
                0x00003748                __sclose
                0x00003750                __sseek
                0x00003778                __swrite
                0x000037b4                __sread
 .text          0x000037d8       0x60 c:/program files (x86)/codesourcery/sourcery g++ lite/bin/../lib/gcc/arm-none-eabi/4.4.1/../../../../arm-none-eabi/lib/thumb2\libc.a(lib_a-strlen.o)
                0x000037d8                strlen
 .text          0x00003838       0x2c c:/program files (x86)/codesourcery/sourcery g++ lite/bin/../lib/gcc/arm-none-eabi/4.4.1/../../../../arm-none-eabi/lib/thumb2\libc.a(lib_a-writer.o)
                0x00003838                _write_r
 .text          0x00003864       0xe8 c:/program files (x86)/codesourcery/sourcery g++ lite/bin/../lib/gcc/arm-none-eabi/4.4.1/../../../../arm-none-eabi/lib/thumb2\libc.a(lib_a-__atexit.o)
                0x00003864                __register_exitproc
 .text          0x0000394c       0x28 c:/program files (x86)/codesourcery/sourcery g++ lite/bin/../lib/gcc/arm-none-eabi/4.4.1/../../../../arm-none-eabi/lib/thumb2\libc.a(lib_a-closer.o)
                0x0000394c                _close_r
 .text          0x00003974       0xcc c:/program files (x86)/codesourcery/sourcery g++ lite/bin/../lib/gcc/arm-none-eabi/4.4.1/../../../../arm-none-eabi/lib/thumb2\libc.a(lib_a-fclose.o)
                0x00003974                _fclose_r
                0x00003a30                fclose
 .text          0x00003a40       0x2c c:/program files (x86)/codesourcery/sourcery g++ lite/bin/../lib/gcc/arm-none-eabi/4.4.1/../../../../arm-none-eabi/lib/thumb2\libc.a(lib_a-fstatr.o)
                0x00003a40                _fstat_r
 .text          0x00003a6c       0x28 c:/program files (x86)/codesourcery/sourcery g++ lite/bin/../lib/gcc/arm-none-eabi/4.4.1/../../../../arm-none-eabi/lib/thumb2\libc.a(lib_a-isattyr.o)
                0x00003a6c                _isatty_r
 .text          0x00003a94       0x2c c:/program files (x86)/codesourcery/sourcery g++ lite/bin/../lib/gcc/arm-none-eabi/4.4.1/../../../../arm-none-eabi/lib/thumb2\libc.a(lib_a-lseekr.o)
                0x00003a94                _lseek_r
 .text          0x00003ac0       0x2c c:/program files (x86)/codesourcery/sourcery g++ lite/bin/../lib/gcc/arm-none-eabi/4.4.1/../../../../arm-none-eabi/lib/thumb2\libc.a(lib_a-readr.o)
                0x00003ac0                _read_r
 .text          0x00003aec       0x2c c:/program files (x86)/codesourcery/sourcery g++ lite/bin/../lib/gcc/arm-none-eabi/4.4.1/thumb2\libgcc.a(_aeabi_uldivmod.o)
                0x00003aec                __aeabi_uldivmod
 .text          0x00003b18       0x58 c:/program files (x86)/codesourcery/sourcery g++ lite/bin/../lib/gcc/arm-none-eabi/4.4.1/thumb2\libgcc.a(bpabi.o)
                0x00003b18                __gnu_uldivmod_helper
                0x00003b44                __gnu_ldivmod_helper
 .text          0x00003b70        0x4 c:/program files (x86)/codesourcery/sourcery g++ lite/bin/../lib/gcc/arm-none-eabi/4.4.1/thumb2\libgcc.a(_dvmd_tls.o)
                0x00003b70                __aeabi_idiv0
                0x00003b70                __aeabi_ldiv0
 .text          0x00003b74      0x364 c:/program files (x86)/codesourcery/sourcery g++ lite/bin/../lib/gcc/arm-none-eabi/4.4.1/thumb2\libgcc.a(_divdi3.o)
                0x00003b74                __divdi3
 .text          0x00003ed8      0x300 c:/program files (x86)/codesourcery/sourcery g++ lite/bin/../lib/gcc/arm-none-eabi/4.4.1/thumb2\libgcc.a(_udivdi3.o)
                0x00003ed8                __udivdi3
 .text          0x000041d8      0x278 c:/program files (x86)/codesourcery/sourcery g++ lite/bin/../lib/gcc/arm-none-eabi/4.4.1/thumb2\libgcc.a(_udivsi3.o)
                0x000041d8                __aeabi_uidiv
                0x000041d8                __udivsi3
                0x00004434                __aeabi_uidivmod
 *(.rodata*)
 .rodata        0x00004450       0x10 C:\cygwin\tmp\cctE58hp.o
 .rodata.str1.1
                0x00004460       0x10 C:\cygwin\tmp\cctE58hp.o
 .rodata.str1.1
                0x00004470       0x31 C:\cygwin\tmp\cc1Xv45P.o
 *fill*         0x000044a1        0x3 00
 .rodata        0x000044a4      0x244 C:\cygwin\tmp\ccDEIEss.o
 .rodata.g_pulXtals
                0x000046e8       0x6c C:\StellarisWare/driverlib/gcc-cm3\libdriver-cm3.a(sysctl.o)
 .rodata.g_pulRCGCRegs
                0x00004754        0xc C:\StellarisWare/driverlib/gcc-cm3\libdriver-cm3.a(sysctl.o)
 .rodata        0x00004760        0x4 c:/program files (x86)/codesourcery/sourcery g++ lite/bin/../lib/gcc/arm-none-eabi/4.4.1/../../../../arm-none-eabi/lib/thumb2\libc.a(lib_a-impure.o)
                0x00004760                _global_impure_ptr
 .rodata.str1.4
                0x00004764        0x2 c:/program files (x86)/codesourcery/sourcery g++ lite/bin/../lib/gcc/arm-none-eabi/4.4.1/../../../../arm-none-eabi/lib/thumb2\libc.a(lib_a-impure.o)
                                  0x4 (size before relaxing)
 *fill*         0x00004766        0x2 00
 .rodata        0x00004768       0x20 c:/program files (x86)/codesourcery/sourcery g++ lite/bin/../lib/gcc/arm-none-eabi/4.4.1/../../../../arm-none-eabi/lib/thumb2\libc.a(lib_a-vfiprintf.o)
 .rodata.str1.4
                0x00004788       0x30 c:/program files (x86)/codesourcery/sourcery g++ lite/bin/../lib/gcc/arm-none-eabi/4.4.1/../../../../arm-none-eabi/lib/thumb2\libc.a(lib_a-vfiprintf.o)
 .rodata        0x000047b8       0x60 c:/program files (x86)/codesourcery/sourcery g++ lite/bin/../lib/gcc/arm-none-eabi/4.4.1/../../../../arm-none-eabi/lib/thumb2\libc.a(lib_a-findfp.o)
                0x000047b8                __sf_fake_stdin
                0x000047d8                __sf_fake_stdout
                0x000047f8                __sf_fake_stderr

.glue_7         0x00004818        0x0
 .glue_7        0x00000000        0x0 linker stubs

.glue_7t        0x00004818        0x0
 .glue_7t       0x00000000        0x0 linker stubs

.vfp11_veneer   0x00004818        0x0
 .vfp11_veneer  0x00000000        0x0 linker stubs

.v4_bx          0x00004818        0x0
 .v4_bx         0x00000000        0x0 linker stubs

.fini           0x00004818        0x4
 .fini          0x00004818        0x4 c:/program files (x86)/codesourcery/sourcery g++ lite/bin/../lib/gcc/arm-none-eabi/4.4.1/thumb2/crti.o
                0x00004818                _fini

.ARM.exidx      0x0000481c        0x8
 *(.ARM.exidx)
 .ARM.exidx     0x0000481c        0x8 c:/program files (x86)/codesourcery/sourcery g++ lite/bin/../lib/gcc/arm-none-eabi/4.4.1/thumb2\libgcc.a(_divdi3.o)
 .ARM.exidx     0x00004824        0x0 c:/program files (x86)/codesourcery/sourcery g++ lite/bin/../lib/gcc/arm-none-eabi/4.4.1/thumb2\libgcc.a(_udivdi3.o)
                                  0x8 (size before relaxing)
                0x00004824                _etext = .

.data           0x20000000      0x504 load address 0x00004824
                0x20000000                _data = .
 *(vtable)
 *(.data*)
 .data          0x20000000       0xf4 c:/program files (x86)/codesourcery/sourcery g++ lite/bin/../lib/gcc/arm-none-eabi/4.4.1/../../../../arm-none-eabi/lib/thumb2\libc.a(lib_a-impure.o)
                0x20000000                _impure_ptr
 .data          0x200000f4      0x410 c:/program files (x86)/codesourcery/sourcery g++ lite/bin/../lib/gcc/arm-none-eabi/4.4.1/../../../../arm-none-eabi/lib/thumb2\libc.a(lib_a-mallocr.o)
                0x200000f4                __malloc_av_
                0x200004fc                __malloc_sbrk_base
                0x20000500                __malloc_trim_threshold
                0x20000504                _edata = .

.bss            0x20000504      0x2f8 load address 0x00004d28
                0x20000504                _bss = .
 *(.bss*)
 .bss           0x20000504      0x2a0 C:\cygwin\tmp\cctE58hp.o
 .bss           0x200007a4        0xc C:\cygwin\tmp\ccDEIEss.o
 .bss           0x200007b0       0x34 c:/program files (x86)/codesourcery/sourcery g++ lite/bin/../lib/gcc/arm-none-eabi/4.4.1/../../../../arm-none-eabi/lib/thumb2\libc.a(lib_a-mallocr.o)
                0x200007b0                __malloc_top_pad
                0x200007b4                __malloc_current_mallinfo
                0x200007dc                __malloc_max_sbrked_mem
                0x200007e0                __malloc_max_total_mem
 *(COMMON)
 COMMON         0x200007e4       0x10 C:\cygwin\tmp\cctE58hp.o
                0x200007e4                UART_LOCK
                0x200007f0                currThread
 COMMON         0x200007f4        0x4 C:\cygwin\tmp\ccd8oMPH.o
                0x200007f4                heap_end
 COMMON         0x200007f8        0x4 c:/program files (x86)/codesourcery/sourcery g++ lite/bin/../lib/gcc/arm-none-eabi/4.4.1/../../../../arm-none-eabi/lib/thumb2\libc.a(lib_a-reent.o)
                0x200007f8                errno
                0x200007fc                _ebss = .
                0x200007fc                end = .
OUTPUT(Proj3.elf elf32-littlearm)

.ARM.attributes
                0x00000000       0x25
 .ARM.attributes
                0x00000000       0x19 c:/program files (x86)/codesourcery/sourcery g++ lite/bin/../lib/gcc/arm-none-eabi/4.4.1/thumb2/crti.o
 .ARM.attributes
                0x00000019       0x29 c:/program files (x86)/codesourcery/sourcery g++ lite/bin/../lib/gcc/arm-none-eabi/4.4.1/thumb2/crtbegin.o
 .ARM.attributes
                0x00000042       0x31 C:\cygwin\tmp\cctE58hp.o
 .ARM.attributes
                0x00000073       0x1b C:\cygwin\tmp\ccTmFqrz.o
 .ARM.attributes
                0x0000008e       0x31 C:\cygwin\tmp\cc1Xv45P.o
 .ARM.attributes
                0x000000bf       0x31 C:\cygwin\tmp\ccJ303ib.o
 .ARM.attributes
                0x000000f0       0x31 C:\cygwin\tmp\ccd8oMPH.o
 .ARM.attributes
                0x00000121       0x31 C:\cygwin\tmp\ccDEIEss.o
 .ARM.attributes
                0x00000152       0x31 C:\StellarisWare/driverlib/gcc-cm3\libdriver-cm3.a(gpio.o)
 .ARM.attributes
                0x00000183       0x31 C:\StellarisWare/driverlib/gcc-cm3\libdriver-cm3.a(interrupt.o)
 .ARM.attributes
                0x000001b4       0x31 C:\StellarisWare/driverlib/gcc-cm3\libdriver-cm3.a(ssi.o)
 .ARM.attributes
                0x000001e5       0x31 C:\StellarisWare/driverlib/gcc-cm3\libdriver-cm3.a(sysctl.o)
 .ARM.attributes
                0x00000216       0x31 C:\StellarisWare/driverlib/gcc-cm3\libdriver-cm3.a(uart.o)
 .ARM.attributes
                0x00000247       0x31 C:\StellarisWare/driverlib/gcc-cm3\libdriver-cm3.a(cpu.o)
 .ARM.attributes
                0x00000278       0x29 c:/program files (x86)/codesourcery/sourcery g++ lite/bin/../lib/gcc/arm-none-eabi/4.4.1/../../../../arm-none-eabi/lib/thumb2\libc.a(lib_a-errno.o)
 .ARM.attributes
                0x000002a1       0x29 c:/program files (x86)/codesourcery/sourcery g++ lite/bin/../lib/gcc/arm-none-eabi/4.4.1/../../../../arm-none-eabi/lib/thumb2\libc.a(lib_a-exit.o)
 .ARM.attributes
                0x000002ca       0x29 c:/program files (x86)/codesourcery/sourcery g++ lite/bin/../lib/gcc/arm-none-eabi/4.4.1/../../../../arm-none-eabi/lib/thumb2\libc.a(lib_a-impure.o)
 .ARM.attributes
                0x000002f3       0x29 c:/program files (x86)/codesourcery/sourcery g++ lite/bin/../lib/gcc/arm-none-eabi/4.4.1/../../../../arm-none-eabi/lib/thumb2\libc.a(lib_a-iprintf.o)
 .ARM.attributes
                0x0000031c       0x29 c:/program files (x86)/codesourcery/sourcery g++ lite/bin/../lib/gcc/arm-none-eabi/4.4.1/../../../../arm-none-eabi/lib/thumb2\libc.a(lib_a-malloc.o)
 .ARM.attributes
                0x00000345       0x29 c:/program files (x86)/codesourcery/sourcery g++ lite/bin/../lib/gcc/arm-none-eabi/4.4.1/../../../../arm-none-eabi/lib/thumb2\libc.a(lib_a-mallocr.o)
 .ARM.attributes
                0x0000036e       0x29 c:/program files (x86)/codesourcery/sourcery g++ lite/bin/../lib/gcc/arm-none-eabi/4.4.1/../../../../arm-none-eabi/lib/thumb2\libc.a(lib_a-mlock.o)
 .ARM.attributes
                0x00000397       0x29 c:/program files (x86)/codesourcery/sourcery g++ lite/bin/../lib/gcc/arm-none-eabi/4.4.1/../../../../arm-none-eabi/lib/thumb2\libc.a(lib_a-sbrkr.o)
 .ARM.attributes
                0x000003c0       0x29 c:/program files (x86)/codesourcery/sourcery g++ lite/bin/../lib/gcc/arm-none-eabi/4.4.1/../../../../arm-none-eabi/lib/thumb2\libc.a(lib_a-vfiprintf.o)
 .ARM.attributes
                0x000003e9       0x29 c:/program files (x86)/codesourcery/sourcery g++ lite/bin/../lib/gcc/arm-none-eabi/4.4.1/../../../../arm-none-eabi/lib/thumb2\libc.a(lib_a-wsetup.o)
 .ARM.attributes
                0x00000412       0x29 c:/program files (x86)/codesourcery/sourcery g++ lite/bin/../lib/gcc/arm-none-eabi/4.4.1/../../../../arm-none-eabi/lib/thumb2\libc.a(lib_a-__call_atexit.o)
 .ARM.attributes
                0x0000043b       0x29 c:/program files (x86)/codesourcery/sourcery g++ lite/bin/../lib/gcc/arm-none-eabi/4.4.1/../../../../arm-none-eabi/lib/thumb2\libc.a(lib_a-atexit.o)
 .ARM.attributes
                0x00000464       0x29 c:/program files (x86)/codesourcery/sourcery g++ lite/bin/../lib/gcc/arm-none-eabi/4.4.1/../../../../arm-none-eabi/lib/thumb2\libc.a(lib_a-fflush.o)
 .ARM.attributes
                0x0000048d       0x29 c:/program files (x86)/codesourcery/sourcery g++ lite/bin/../lib/gcc/arm-none-eabi/4.4.1/../../../../arm-none-eabi/lib/thumb2\libc.a(lib_a-findfp.o)
 .ARM.attributes
                0x000004b6       0x29 c:/program files (x86)/codesourcery/sourcery g++ lite/bin/../lib/gcc/arm-none-eabi/4.4.1/../../../../arm-none-eabi/lib/thumb2\libc.a(lib_a-fini.o)
 .ARM.attributes
                0x000004df       0x29 c:/program files (x86)/codesourcery/sourcery g++ lite/bin/../lib/gcc/arm-none-eabi/4.4.1/../../../../arm-none-eabi/lib/thumb2\libc.a(lib_a-freer.o)
 .ARM.attributes
                0x00000508       0x29 c:/program files (x86)/codesourcery/sourcery g++ lite/bin/../lib/gcc/arm-none-eabi/4.4.1/../../../../arm-none-eabi/lib/thumb2\libc.a(lib_a-fvwrite.o)
 .ARM.attributes
                0x00000531       0x29 c:/program files (x86)/codesourcery/sourcery g++ lite/bin/../lib/gcc/arm-none-eabi/4.4.1/../../../../arm-none-eabi/lib/thumb2\libc.a(lib_a-fwalk.o)
 .ARM.attributes
                0x0000055a       0x29 c:/program files (x86)/codesourcery/sourcery g++ lite/bin/../lib/gcc/arm-none-eabi/4.4.1/../../../../arm-none-eabi/lib/thumb2\libc.a(lib_a-makebuf.o)
 .ARM.attributes
                0x00000583       0x29 c:/program files (x86)/codesourcery/sourcery g++ lite/bin/../lib/gcc/arm-none-eabi/4.4.1/../../../../arm-none-eabi/lib/thumb2\libc.a(lib_a-memchr.o)
 .ARM.attributes
                0x000005ac       0x29 c:/program files (x86)/codesourcery/sourcery g++ lite/bin/../lib/gcc/arm-none-eabi/4.4.1/../../../../arm-none-eabi/lib/thumb2\libc.a(lib_a-memcpy.o)
 .ARM.attributes
                0x000005d5       0x29 c:/program files (x86)/codesourcery/sourcery g++ lite/bin/../lib/gcc/arm-none-eabi/4.4.1/../../../../arm-none-eabi/lib/thumb2\libc.a(lib_a-memmove.o)
 .ARM.attributes
                0x000005fe       0x29 c:/program files (x86)/codesourcery/sourcery g++ lite/bin/../lib/gcc/arm-none-eabi/4.4.1/../../../../arm-none-eabi/lib/thumb2\libc.a(lib_a-memset.o)
 .ARM.attributes
                0x00000627       0x29 c:/program files (x86)/codesourcery/sourcery g++ lite/bin/../lib/gcc/arm-none-eabi/4.4.1/../../../../arm-none-eabi/lib/thumb2\libc.a(lib_a-reallocr.o)
 .ARM.attributes
                0x00000650       0x29 c:/program files (x86)/codesourcery/sourcery g++ lite/bin/../lib/gcc/arm-none-eabi/4.4.1/../../../../arm-none-eabi/lib/thumb2\libc.a(lib_a-reent.o)
 .ARM.attributes
                0x00000679       0x29 c:/program files (x86)/codesourcery/sourcery g++ lite/bin/../lib/gcc/arm-none-eabi/4.4.1/../../../../arm-none-eabi/lib/thumb2\libc.a(lib_a-stdio.o)
 .ARM.attributes
                0x000006a2       0x29 c:/program files (x86)/codesourcery/sourcery g++ lite/bin/../lib/gcc/arm-none-eabi/4.4.1/../../../../arm-none-eabi/lib/thumb2\libc.a(lib_a-strlen.o)
 .ARM.attributes
                0x000006cb       0x29 c:/program files (x86)/codesourcery/sourcery g++ lite/bin/../lib/gcc/arm-none-eabi/4.4.1/../../../../arm-none-eabi/lib/thumb2\libc.a(lib_a-writer.o)
 .ARM.attributes
                0x000006f4       0x29 c:/program files (x86)/codesourcery/sourcery g++ lite/bin/../lib/gcc/arm-none-eabi/4.4.1/../../../../arm-none-eabi/lib/thumb2\libc.a(lib_a-__atexit.o)
 .ARM.attributes
                0x0000071d       0x29 c:/program files (x86)/codesourcery/sourcery g++ lite/bin/../lib/gcc/arm-none-eabi/4.4.1/../../../../arm-none-eabi/lib/thumb2\libc.a(lib_a-closer.o)
 .ARM.attributes
                0x00000746       0x29 c:/program files (x86)/codesourcery/sourcery g++ lite/bin/../lib/gcc/arm-none-eabi/4.4.1/../../../../arm-none-eabi/lib/thumb2\libc.a(lib_a-fclose.o)
 .ARM.attributes
                0x0000076f       0x29 c:/program files (x86)/codesourcery/sourcery g++ lite/bin/../lib/gcc/arm-none-eabi/4.4.1/../../../../arm-none-eabi/lib/thumb2\libc.a(lib_a-fstatr.o)
 .ARM.attributes
                0x00000798       0x29 c:/program files (x86)/codesourcery/sourcery g++ lite/bin/../lib/gcc/arm-none-eabi/4.4.1/../../../../arm-none-eabi/lib/thumb2\libc.a(lib_a-isattyr.o)
 .ARM.attributes
                0x000007c1       0x29 c:/program files (x86)/codesourcery/sourcery g++ lite/bin/../lib/gcc/arm-none-eabi/4.4.1/../../../../arm-none-eabi/lib/thumb2\libc.a(lib_a-lseekr.o)
 .ARM.attributes
                0x000007ea       0x29 c:/program files (x86)/codesourcery/sourcery g++ lite/bin/../lib/gcc/arm-none-eabi/4.4.1/../../../../arm-none-eabi/lib/thumb2\libc.a(lib_a-readr.o)
 .ARM.attributes
                0x00000813       0x1b c:/program files (x86)/codesourcery/sourcery g++ lite/bin/../lib/gcc/arm-none-eabi/4.4.1/thumb2\libgcc.a(_aeabi_uldivmod.o)
 .ARM.attributes
                0x0000082e       0x29 c:/program files (x86)/codesourcery/sourcery g++ lite/bin/../lib/gcc/arm-none-eabi/4.4.1/thumb2\libgcc.a(bpabi.o)
 .ARM.attributes
                0x00000857       0x1b c:/program files (x86)/codesourcery/sourcery g++ lite/bin/../lib/gcc/arm-none-eabi/4.4.1/thumb2\libgcc.a(_dvmd_tls.o)
 .ARM.attributes
                0x00000872       0x29 c:/program files (x86)/codesourcery/sourcery g++ lite/bin/../lib/gcc/arm-none-eabi/4.4.1/thumb2\libgcc.a(_divdi3.o)
 .ARM.attributes
                0x0000089b       0x29 c:/program files (x86)/codesourcery/sourcery g++ lite/bin/../lib/gcc/arm-none-eabi/4.4.1/thumb2\libgcc.a(_udivdi3.o)
 .ARM.attributes
                0x000008c4       0x1b c:/program files (x86)/codesourcery/sourcery g++ lite/bin/../lib/gcc/arm-none-eabi/4.4.1/thumb2\libgcc.a(_udivsi3.o)
 .ARM.attributes
                0x000008df       0x29 c:/program files (x86)/codesourcery/sourcery g++ lite/bin/../lib/gcc/arm-none-eabi/4.4.1/thumb2/crtend.o
 .ARM.attributes
                0x00000908       0x19 c:/program files (x86)/codesourcery/sourcery g++ lite/bin/../lib/gcc/arm-none-eabi/4.4.1/thumb2/crtn.o

.comment        0x00000000      0x102
 .comment       0x00000000       0x2b C:\cygwin\tmp\cctE58hp.o
 .comment       0x0000002b       0x2b C:\cygwin\tmp\cc1Xv45P.o
 .comment       0x00000056       0x2b C:\cygwin\tmp\ccJ303ib.o
 .comment       0x00000081       0x2b C:\cygwin\tmp\ccd8oMPH.o
 .comment       0x000000ac       0x2b C:\cygwin\tmp\ccDEIEss.o
 .comment       0x000000d7       0x2b C:\StellarisWare/driverlib/gcc-cm3\libdriver-cm3.a(gpio.o)
                                 0x2c (size before relaxing)
 .comment       0x00000000       0x2c C:\StellarisWare/driverlib/gcc-cm3\libdriver-cm3.a(interrupt.o)
 .comment       0x00000000       0x2c C:\StellarisWare/driverlib/gcc-cm3\libdriver-cm3.a(ssi.o)
 .comment       0x00000000       0x2c C:\StellarisWare/driverlib/gcc-cm3\libdriver-cm3.a(sysctl.o)
 .comment       0x00000000       0x2c C:\StellarisWare/driverlib/gcc-cm3\libdriver-cm3.a(uart.o)
 .comment       0x00000000       0x2c C:\StellarisWare/driverlib/gcc-cm3\libdriver-cm3.a(cpu.o)

.debug_frame    0x00000000      0x950
 .debug_frame   0x00000000       0x20 c:/program files (x86)/codesourcery/sourcery g++ lite/bin/../lib/gcc/arm-none-eabi/4.4.1/../../../../arm-none-eabi/lib/thumb2\libc.a(lib_a-errno.o)
 .debug_frame   0x00000020       0x28 c:/program files (x86)/codesourcery/sourcery g++ lite/bin/../lib/gcc/arm-none-eabi/4.4.1/../../../../arm-none-eabi/lib/thumb2\libc.a(lib_a-exit.o)
 .debug_frame   0x00000048       0x5c c:/program files (x86)/codesourcery/sourcery g++ lite/bin/../lib/gcc/arm-none-eabi/4.4.1/../../../../arm-none-eabi/lib/thumb2\libc.a(lib_a-iprintf.o)
 .debug_frame   0x000000a4       0x30 c:/program files (x86)/codesourcery/sourcery g++ lite/bin/../lib/gcc/arm-none-eabi/4.4.1/../../../../arm-none-eabi/lib/thumb2\libc.a(lib_a-malloc.o)
 .debug_frame   0x000000d4       0x3c c:/program files (x86)/codesourcery/sourcery g++ lite/bin/../lib/gcc/arm-none-eabi/4.4.1/../../../../arm-none-eabi/lib/thumb2\libc.a(lib_a-mallocr.o)
 .debug_frame   0x00000110       0x30 c:/program files (x86)/codesourcery/sourcery g++ lite/bin/../lib/gcc/arm-none-eabi/4.4.1/../../../../arm-none-eabi/lib/thumb2\libc.a(lib_a-mlock.o)
 .debug_frame   0x00000140       0x2c c:/program files (x86)/codesourcery/sourcery g++ lite/bin/../lib/gcc/arm-none-eabi/4.4.1/../../../../arm-none-eabi/lib/thumb2\libc.a(lib_a-sbrkr.o)
 .debug_frame   0x0000016c       0x70 c:/program files (x86)/codesourcery/sourcery g++ lite/bin/../lib/gcc/arm-none-eabi/4.4.1/../../../../arm-none-eabi/lib/thumb2\libc.a(lib_a-vfiprintf.o)
 .debug_frame   0x000001dc       0x2c c:/program files (x86)/codesourcery/sourcery g++ lite/bin/../lib/gcc/arm-none-eabi/4.4.1/../../../../arm-none-eabi/lib/thumb2\libc.a(lib_a-wsetup.o)
 .debug_frame   0x00000208       0x4c c:/program files (x86)/codesourcery/sourcery g++ lite/bin/../lib/gcc/arm-none-eabi/4.4.1/../../../../arm-none-eabi/lib/thumb2\libc.a(lib_a-__call_atexit.o)
 .debug_frame   0x00000254       0x20 c:/program files (x86)/codesourcery/sourcery g++ lite/bin/../lib/gcc/arm-none-eabi/4.4.1/../../../../arm-none-eabi/lib/thumb2\libc.a(lib_a-atexit.o)
 .debug_frame   0x00000274       0x40 c:/program files (x86)/codesourcery/sourcery g++ lite/bin/../lib/gcc/arm-none-eabi/4.4.1/../../../../arm-none-eabi/lib/thumb2\libc.a(lib_a-fflush.o)
 .debug_frame   0x000002b4      0x11c c:/program files (x86)/codesourcery/sourcery g++ lite/bin/../lib/gcc/arm-none-eabi/4.4.1/../../../../arm-none-eabi/lib/thumb2\libc.a(lib_a-findfp.o)
 .debug_frame   0x000003d0       0x2c c:/program files (x86)/codesourcery/sourcery g++ lite/bin/../lib/gcc/arm-none-eabi/4.4.1/../../../../arm-none-eabi/lib/thumb2\libc.a(lib_a-fini.o)
 .debug_frame   0x000003fc       0x50 c:/program files (x86)/codesourcery/sourcery g++ lite/bin/../lib/gcc/arm-none-eabi/4.4.1/../../../../arm-none-eabi/lib/thumb2\libc.a(lib_a-freer.o)
 .debug_frame   0x0000044c       0x3c c:/program files (x86)/codesourcery/sourcery g++ lite/bin/../lib/gcc/arm-none-eabi/4.4.1/../../../../arm-none-eabi/lib/thumb2\libc.a(lib_a-fvwrite.o)
 .debug_frame   0x00000488       0x54 c:/program files (x86)/codesourcery/sourcery g++ lite/bin/../lib/gcc/arm-none-eabi/4.4.1/../../../../arm-none-eabi/lib/thumb2\libc.a(lib_a-fwalk.o)
 .debug_frame   0x000004dc       0x34 c:/program files (x86)/codesourcery/sourcery g++ lite/bin/../lib/gcc/arm-none-eabi/4.4.1/../../../../arm-none-eabi/lib/thumb2\libc.a(lib_a-makebuf.o)
 .debug_frame   0x00000510       0x28 c:/program files (x86)/codesourcery/sourcery g++ lite/bin/../lib/gcc/arm-none-eabi/4.4.1/../../../../arm-none-eabi/lib/thumb2\libc.a(lib_a-memchr.o)
 .debug_frame   0x00000538       0x34 c:/program files (x86)/codesourcery/sourcery g++ lite/bin/../lib/gcc/arm-none-eabi/4.4.1/../../../../arm-none-eabi/lib/thumb2\libc.a(lib_a-memcpy.o)
 .debug_frame   0x0000056c       0x2c c:/program files (x86)/codesourcery/sourcery g++ lite/bin/../lib/gcc/arm-none-eabi/4.4.1/../../../../arm-none-eabi/lib/thumb2\libc.a(lib_a-memmove.o)
 .debug_frame   0x00000598       0x28 c:/program files (x86)/codesourcery/sourcery g++ lite/bin/../lib/gcc/arm-none-eabi/4.4.1/../../../../arm-none-eabi/lib/thumb2\libc.a(lib_a-memset.o)
 .debug_frame   0x000005c0       0x3c c:/program files (x86)/codesourcery/sourcery g++ lite/bin/../lib/gcc/arm-none-eabi/4.4.1/../../../../arm-none-eabi/lib/thumb2\libc.a(lib_a-reallocr.o)
 .debug_frame   0x000005fc       0x64 c:/program files (x86)/codesourcery/sourcery g++ lite/bin/../lib/gcc/arm-none-eabi/4.4.1/../../../../arm-none-eabi/lib/thumb2\libc.a(lib_a-reent.o)
 .debug_frame   0x00000660       0x70 c:/program files (x86)/codesourcery/sourcery g++ lite/bin/../lib/gcc/arm-none-eabi/4.4.1/../../../../arm-none-eabi/lib/thumb2\libc.a(lib_a-stdio.o)
 .debug_frame   0x000006d0       0x20 c:/program files (x86)/codesourcery/sourcery g++ lite/bin/../lib/gcc/arm-none-eabi/4.4.1/../../../../arm-none-eabi/lib/thumb2\libc.a(lib_a-strlen.o)
 .debug_frame   0x000006f0       0x2c c:/program files (x86)/codesourcery/sourcery g++ lite/bin/../lib/gcc/arm-none-eabi/4.4.1/../../../../arm-none-eabi/lib/thumb2\libc.a(lib_a-writer.o)
 .debug_frame   0x0000071c       0x34 c:/program files (x86)/codesourcery/sourcery g++ lite/bin/../lib/gcc/arm-none-eabi/4.4.1/../../../../arm-none-eabi/lib/thumb2\libc.a(lib_a-__atexit.o)
 .debug_frame   0x00000750       0x2c c:/program files (x86)/codesourcery/sourcery g++ lite/bin/../lib/gcc/arm-none-eabi/4.4.1/../../../../arm-none-eabi/lib/thumb2\libc.a(lib_a-closer.o)
 .debug_frame   0x0000077c       0x3c c:/program files (x86)/codesourcery/sourcery g++ lite/bin/../lib/gcc/arm-none-eabi/4.4.1/../../../../arm-none-eabi/lib/thumb2\libc.a(lib_a-fclose.o)
 .debug_frame   0x000007b8       0x2c c:/program files (x86)/codesourcery/sourcery g++ lite/bin/../lib/gcc/arm-none-eabi/4.4.1/../../../../arm-none-eabi/lib/thumb2\libc.a(lib_a-fstatr.o)
 .debug_frame   0x000007e4       0x2c c:/program files (x86)/codesourcery/sourcery g++ lite/bin/../lib/gcc/arm-none-eabi/4.4.1/../../../../arm-none-eabi/lib/thumb2\libc.a(lib_a-isattyr.o)
 .debug_frame   0x00000810       0x2c c:/program files (x86)/codesourcery/sourcery g++ lite/bin/../lib/gcc/arm-none-eabi/4.4.1/../../../../arm-none-eabi/lib/thumb2\libc.a(lib_a-lseekr.o)
 .debug_frame   0x0000083c       0x2c c:/program files (x86)/codesourcery/sourcery g++ lite/bin/../lib/gcc/arm-none-eabi/4.4.1/../../../../arm-none-eabi/lib/thumb2\libc.a(lib_a-readr.o)
 .debug_frame   0x00000868       0x50 c:/program files (x86)/codesourcery/sourcery g++ lite/bin/../lib/gcc/arm-none-eabi/4.4.1/thumb2\libgcc.a(bpabi.o)
 .debug_frame   0x000008b8       0x3c c:/program files (x86)/codesourcery/sourcery g++ lite/bin/../lib/gcc/arm-none-eabi/4.4.1/thumb2\libgcc.a(_divdi3.o)
 .debug_frame   0x000008f4       0x3c c:/program files (x86)/codesourcery/sourcery g++ lite/bin/../lib/gcc/arm-none-eabi/4.4.1/thumb2\libgcc.a(_udivdi3.o)
 .debug_frame   0x00000930       0x20 c:/program files (x86)/codesourcery/sourcery g++ lite/bin/../lib/gcc/arm-none-eabi/4.4.1/thumb2\libgcc.a(_udivsi3.o)
